Archive member included to satisfy reference by file (symbol)

c:/program files (x86)/atollic/truestudio for stm32 9.3.0/armtools/bin/../lib/gcc/arm-atollic-eabi/6.3.1/../../../../arm-atollic-eabi/lib/armv7-m\libc_nano.a(lib_a-errno.o)
                              Src\syscalls.o (__errno)
c:/program files (x86)/atollic/truestudio for stm32 9.3.0/armtools/bin/../lib/gcc/arm-atollic-eabi/6.3.1/../../../../arm-atollic-eabi/lib/armv7-m\libc_nano.a(lib_a-impure.o)
                              c:/program files (x86)/atollic/truestudio for stm32 9.3.0/armtools/bin/../lib/gcc/arm-atollic-eabi/6.3.1/../../../../arm-atollic-eabi/lib/armv7-m\libc_nano.a(lib_a-errno.o) (_impure_ptr)
c:/program files (x86)/atollic/truestudio for stm32 9.3.0/armtools/bin/../lib/gcc/arm-atollic-eabi/6.3.1/../../../../arm-atollic-eabi/lib/armv7-m\libc_nano.a(lib_a-init.o)
                              startup\startup_stm32f103xb.o (__libc_init_array)
c:/program files (x86)/atollic/truestudio for stm32 9.3.0/armtools/bin/../lib/gcc/arm-atollic-eabi/6.3.1/../../../../arm-atollic-eabi/lib/armv7-m\libc_nano.a(lib_a-memcpy-stub.o)
                              Src\nrf24l01.o (memcpy)
c:/program files (x86)/atollic/truestudio for stm32 9.3.0/armtools/bin/../lib/gcc/arm-atollic-eabi/6.3.1/../../../../arm-atollic-eabi/lib/armv7-m\libc_nano.a(lib_a-memset.o)
                              Drivers\STM32F1xx_HAL_Driver\Src\stm32f1xx_hal_rcc.o (memset)
c:/program files (x86)/atollic/truestudio for stm32 9.3.0/armtools/bin/../lib/gcc/arm-atollic-eabi/6.3.1/../../../../arm-atollic-eabi/lib/armv7-m\libc_nano.a(lib_a-printf.o)
                              Src\main.o (printf)
c:/program files (x86)/atollic/truestudio for stm32 9.3.0/armtools/bin/../lib/gcc/arm-atollic-eabi/6.3.1/../../../../arm-atollic-eabi/lib/armv7-m\libc_nano.a(lib_a-putchar.o)
                              Src\main.o (putchar)
c:/program files (x86)/atollic/truestudio for stm32 9.3.0/armtools/bin/../lib/gcc/arm-atollic-eabi/6.3.1/../../../../arm-atollic-eabi/lib/armv7-m\libc_nano.a(lib_a-puts.o)
                              Src\main.o (puts)
c:/program files (x86)/atollic/truestudio for stm32 9.3.0/armtools/bin/../lib/gcc/arm-atollic-eabi/6.3.1/../../../../arm-atollic-eabi/lib/armv7-m\libc_nano.a(lib_a-wbuf.o)
                              c:/program files (x86)/atollic/truestudio for stm32 9.3.0/armtools/bin/../lib/gcc/arm-atollic-eabi/6.3.1/../../../../arm-atollic-eabi/lib/armv7-m\libc_nano.a(lib_a-puts.o) (__swbuf_r)
c:/program files (x86)/atollic/truestudio for stm32 9.3.0/armtools/bin/../lib/gcc/arm-atollic-eabi/6.3.1/../../../../arm-atollic-eabi/lib/armv7-m\libc_nano.a(lib_a-wsetup.o)
                              c:/program files (x86)/atollic/truestudio for stm32 9.3.0/armtools/bin/../lib/gcc/arm-atollic-eabi/6.3.1/../../../../arm-atollic-eabi/lib/armv7-m\libc_nano.a(lib_a-puts.o) (__swsetup_r)
c:/program files (x86)/atollic/truestudio for stm32 9.3.0/armtools/bin/../lib/gcc/arm-atollic-eabi/6.3.1/../../../../arm-atollic-eabi/lib/armv7-m\libc_nano.a(lib_a-fflush.o)
                              c:/program files (x86)/atollic/truestudio for stm32 9.3.0/armtools/bin/../lib/gcc/arm-atollic-eabi/6.3.1/../../../../arm-atollic-eabi/lib/armv7-m\libc_nano.a(lib_a-wbuf.o) (_fflush_r)
c:/program files (x86)/atollic/truestudio for stm32 9.3.0/armtools/bin/../lib/gcc/arm-atollic-eabi/6.3.1/../../../../arm-atollic-eabi/lib/armv7-m\libc_nano.a(lib_a-findfp.o)
                              c:/program files (x86)/atollic/truestudio for stm32 9.3.0/armtools/bin/../lib/gcc/arm-atollic-eabi/6.3.1/../../../../arm-atollic-eabi/lib/armv7-m\libc_nano.a(lib_a-printf.o) (__sinit)
c:/program files (x86)/atollic/truestudio for stm32 9.3.0/armtools/bin/../lib/gcc/arm-atollic-eabi/6.3.1/../../../../arm-atollic-eabi/lib/armv7-m\libc_nano.a(lib_a-fwalk.o)
                              c:/program files (x86)/atollic/truestudio for stm32 9.3.0/armtools/bin/../lib/gcc/arm-atollic-eabi/6.3.1/../../../../arm-atollic-eabi/lib/armv7-m\libc_nano.a(lib_a-findfp.o) (_fwalk)
c:/program files (x86)/atollic/truestudio for stm32 9.3.0/armtools/bin/../lib/gcc/arm-atollic-eabi/6.3.1/../../../../arm-atollic-eabi/lib/armv7-m\libc_nano.a(lib_a-makebuf.o)
                              c:/program files (x86)/atollic/truestudio for stm32 9.3.0/armtools/bin/../lib/gcc/arm-atollic-eabi/6.3.1/../../../../arm-atollic-eabi/lib/armv7-m\libc_nano.a(lib_a-wsetup.o) (__smakebuf_r)
c:/program files (x86)/atollic/truestudio for stm32 9.3.0/armtools/bin/../lib/gcc/arm-atollic-eabi/6.3.1/../../../../arm-atollic-eabi/lib/armv7-m\libc_nano.a(lib_a-nano-freer.o)
                              c:/program files (x86)/atollic/truestudio for stm32 9.3.0/armtools/bin/../lib/gcc/arm-atollic-eabi/6.3.1/../../../../arm-atollic-eabi/lib/armv7-m\libc_nano.a(lib_a-wsetup.o) (_free_r)
[...]
Memory Configuration

Name             Origin             Length             Attributes
RAM              0x20000000         0x00005000         xrw
FLASH            0x08000000         0x00010000         xr
*default*        0x00000000         0xffffffff

Linker script and memory map

LOAD c:/program files (x86)/atollic/truestudio for stm32 9.3.0/armtools/bin/../lib/gcc/arm-atollic-eabi/6.3.1/armv7-m/crti.o
LOAD c:/program files (x86)/atollic/truestudio for stm32 9.3.0/armtools/bin/../lib/gcc/arm-atollic-eabi/6.3.1/armv7-m/crtbegin.o
LOAD Drivers\STM32F1xx_HAL_Driver\Src\stm32f1xx_hal.o
LOAD Drivers\STM32F1xx_HAL_Driver\Src\stm32f1xx_hal_adc.o
LOAD Drivers\STM32F1xx_HAL_Driver\Src\stm32f1xx_hal_adc_ex.o
LOAD Drivers\STM32F1xx_HAL_Driver\Src\stm32f1xx_hal_cortex.o
LOAD Drivers\STM32F1xx_HAL_Driver\Src\stm32f1xx_hal_dma.o
LOAD Drivers\STM32F1xx_HAL_Driver\Src\stm32f1xx_hal_exti.o
LOAD Drivers\STM32F1xx_HAL_Driver\Src\stm32f1xx_hal_flash.o
LOAD Drivers\STM32F1xx_HAL_Driver\Src\stm32f1xx_hal_flash_ex.o
LOAD Drivers\STM32F1xx_HAL_Driver\Src\stm32f1xx_hal_gpio.o
LOAD Drivers\STM32F1xx_HAL_Driver\Src\stm32f1xx_hal_gpio_ex.o
LOAD Drivers\STM32F1xx_HAL_Driver\Src\stm32f1xx_hal_pwr.o
LOAD Drivers\STM32F1xx_HAL_Driver\Src\stm32f1xx_hal_rcc.o
LOAD Drivers\STM32F1xx_HAL_Driver\Src\stm32f1xx_hal_rcc_ex.o
LOAD Drivers\STM32F1xx_HAL_Driver\Src\stm32f1xx_hal_spi.o
LOAD Drivers\STM32F1xx_HAL_Driver\Src\stm32f1xx_hal_tim.o
LOAD Drivers\STM32F1xx_HAL_Driver\Src\stm32f1xx_hal_tim_ex.o
LOAD Drivers\STM32F1xx_HAL_Driver\Src\stm32f1xx_hal_uart.o
LOAD Src\LED_ops.o
LOAD Src\main.o
LOAD Src\nrf24l01.o
LOAD Src\stm32f1xx_hal_msp.o
LOAD Src\stm32f1xx_it.o
LOAD Src\syscalls.o
LOAD Src\system_stm32f1xx.o
LOAD startup\startup_stm32f103xb.o
                0x00000080                malloc_getpagesize_P = 0x80
START GROUP
LOAD c:/program files (x86)/atollic/truestudio for stm32 9.3.0/armtools/bin/../lib/gcc/arm-atollic-eabi/6.3.1/../../../../arm-atollic-eabi/lib/armv7-m\libc_nano.a
LOAD c:/program files (x86)/atollic/truestudio for stm32 9.3.0/armtools/bin/../lib/gcc/arm-atollic-eabi/6.3.1/../../../../arm-atollic-eabi/lib/armv7-m\libm.a
END GROUP
START GROUP
LOAD c:/program files (x86)/atollic/truestudio for stm32 9.3.0/armtools/bin/../lib/gcc/arm-atollic-eabi/6.3.1/armv7-m\libgcc.a
LOAD c:/program files (x86)/atollic/truestudio for stm32 9.3.0/armtools/bin/../lib/gcc/arm-atollic-eabi/6.3.1/../../../../arm-atollic-eabi/lib/armv7-m\libc_nano.a
END GROUP
START GROUP
LOAD c:/program files (x86)/atollic/truestudio for stm32 9.3.0/armtools/bin/../lib/gcc/arm-atollic-eabi/6.3.1/armv7-m\libgcc.a
LOAD c:/program files (x86)/atollic/truestudio for stm32 9.3.0/armtools/bin/../lib/gcc/arm-atollic-eabi/6.3.1/../../../../arm-atollic-eabi/lib/armv7-m\libc_nano.a
LOAD c:/program files (x86)/atollic/truestudio for stm32 9.3.0/armtools/bin/../lib/gcc/arm-atollic-eabi/6.3.1/../../../../arm-atollic-eabi/lib/armv7-m\libnosys.a
END GROUP
START GROUP
LOAD c:/program files (x86)/atollic/truestudio for stm32 9.3.0/armtools/bin/../lib/gcc/arm-atollic-eabi/6.3.1/armv7-m\libgcc.a
LOAD c:/program files (x86)/atollic/truestudio for stm32 9.3.0/armtools/bin/../lib/gcc/arm-atollic-eabi/6.3.1/../../../../arm-atollic-eabi/lib/armv7-m\libc_nano.a
LOAD c:/program files (x86)/atollic/truestudio for stm32 9.3.0/armtools/bin/../lib/gcc/arm-atollic-eabi/6.3.1/../../../../arm-atollic-eabi/lib/armv7-m\libnosys.a
END GROUP
LOAD c:/program files (x86)/atollic/truestudio for stm32 9.3.0/armtools/bin/../lib/gcc/arm-atollic-eabi/6.3.1/armv7-m/crtend.o
LOAD c:/program files (x86)/atollic/truestudio for stm32 9.3.0/armtools/bin/../lib/gcc/arm-atollic-eabi/6.3.1/armv7-m/crtn.o
                0x20005000                _estack = 0x20005000
                0x00000200                _Min_Heap_Size = 0x200
                0x00000400                _Min_Stack_Size = 0x400

.isr_vector     0x08000000      0x10c
                0x08000000                . = ALIGN (0x4)
 *(.isr_vector)
 .isr_vector    0x08000000      0x10c startup\startup_stm32f103xb.o
                0x08000000                g_pfnVectors
                0x0800010c                . = ALIGN (0x4)

.text           0x0800010c     0x4404
                0x0800010c                . = ALIGN (0x4)
 *(.text)
 .text          0x0800010c       0x40 c:/program files (x86)/atollic/truestudio for stm32 9.3.0/armtools/bin/../lib/gcc/arm-atollic-eabi/6.3.1/armv7-m/crtbegin.o
 .text          0x0800014c      0x21c c:/program files (x86)/atollic/truestudio for stm32 9.3.0/armtools/bin/../lib/gcc/arm-atollic-eabi/6.3.1/armv7-m\libgcc.a(_arm_addsubsf3.o)
                0x0800014c                __aeabi_frsub
                0x08000154                __subsf3
                0x08000154                __aeabi_fsub
                0x08000158                __aeabi_fadd
                0x08000158                __addsf3
                0x080002b8                __aeabi_ui2f
                0x080002b8                __floatunsisf
                0x080002c0                __aeabi_i2f
                0x080002c0                __floatsisf
                0x080002dc                __aeabi_ul2f
                0x080002dc                __floatundisf
                0x080002ec                __aeabi_l2f
                0x080002ec                __floatdisf
 .text          0x08000368      0x2a0 c:/program files (x86)/atollic/truestudio for stm32 9.3.0/armtools/bin/../lib/gcc/arm-atollic-eabi/6.3.1/armv7-m\libgcc.a(_arm_muldivsf3.o)
                0x08000368                __mulsf3
                0x08000368                __aeabi_fmul
                0x080004d0                __aeabi_fdiv
                0x080004d0                __divsf3
 .text          0x08000608       0x40 c:/program files (x86)/atollic/truestudio for stm32 9.3.0/armtools/bin/../lib/gcc/arm-atollic-eabi/6.3.1/armv7-m\libgcc.a(_arm_fixunssfsi.o)
                0x08000608                __fixunssfsi
                0x08000608                __aeabi_f2uiz
 *(.text*)
 .text.HAL_InitTick
                0x08000648       0x48 Drivers\STM32F1xx_HAL_Driver\Src\stm32f1xx_hal.o
                0x08000648                HAL_InitTick
 .text.HAL_Init
                0x08000690       0x24 Drivers\STM32F1xx_HAL_Driver\Src\stm32f1xx_hal.o
                0x08000690                HAL_Init
 .text.HAL_IncTick
                0x080006b4       0x18 Drivers\STM32F1xx_HAL_Driver\Src\stm32f1xx_hal.o
                0x080006b4                HAL_IncTick
 .text.HAL_GetTick
                0x080006cc        0xc Drivers\STM32F1xx_HAL_Driver\Src\stm32f1xx_hal.o
                0x080006cc                HAL_GetTick
 .text.HAL_Delay
                0x080006d8       0x24 Drivers\STM32F1xx_HAL_Driver\Src\stm32f1xx_hal.o
                0x080006d8                HAL_Delay
 .text.ADC_DMAConvCplt
                0x080006fc       0x4e Drivers\STM32F1xx_HAL_Driver\Src\stm32f1xx_hal_adc.o
                0x080006fc                ADC_DMAConvCplt
 .text.HAL_ADC_ConvHalfCpltCallback
                0x0800074a        0x2 Drivers\STM32F1xx_HAL_Driver\Src\stm32f1xx_hal_adc.o
                0x0800074a                HAL_ADC_ConvHalfCpltCallback
 .text.ADC_DMAHalfConvCplt
                0x0800074c        0xa Drivers\STM32F1xx_HAL_Driver\Src\stm32f1xx_hal_adc.o
                0x0800074c                ADC_DMAHalfConvCplt
 .text.ADC_DMAError
                0x08000756       0x1a Drivers\STM32F1xx_HAL_Driver\Src\stm32f1xx_hal_adc.o
                0x08000756                ADC_DMAError
 .text.HAL_ADC_ConfigChannel
                0x08000770      0x108 Drivers\STM32F1xx_HAL_Driver\Src\stm32f1xx_hal_adc.o
                0x08000770                HAL_ADC_ConfigChannel
 .text.ADC_Enable
                0x08000878       0x70 Drivers\STM32F1xx_HAL_Driver\Src\stm32f1xx_hal_adc.o
                0x08000878                ADC_Enable
 .text.HAL_ADC_Start_DMA
                0x080008e8      0x11c Drivers\STM32F1xx_HAL_Driver\Src\stm32f1xx_hal_adc.o
                0x080008e8                HAL_ADC_Start_DMA
 .text.ADC_ConversionStop_Disable
                0x08000a04       0x44 Drivers\STM32F1xx_HAL_Driver\Src\stm32f1xx_hal_adc.o
                0x08000a04                ADC_ConversionStop_Disable
 .text.HAL_ADC_Init
                0x08000a48      0x100 Drivers\STM32F1xx_HAL_Driver\Src\stm32f1xx_hal_adc.o
                0x08000a48                HAL_ADC_Init
 .text.HAL_NVIC_SetPriorityGrouping
                0x08000b48       0x24 Drivers\STM32F1xx_HAL_Driver\Src\stm32f1xx_hal_cortex.o
                0x08000b48                HAL_NVIC_SetPriorityGrouping
 .text.HAL_NVIC_SetPriority
                0x08000b6c       0x68 Drivers\STM32F1xx_HAL_Driver\Src\stm32f1xx_hal_cortex.o
                0x08000b6c                HAL_NVIC_SetPriority
 .text.HAL_NVIC_EnableIRQ
                0x08000bd4       0x1c Drivers\STM32F1xx_HAL_Driver\Src\stm32f1xx_hal_cortex.o
                0x08000bd4                HAL_NVIC_EnableIRQ
 .text.HAL_SYSTICK_Config
                0x08000bf0       0x2c Drivers\STM32F1xx_HAL_Driver\Src\stm32f1xx_hal_cortex.o
                0x08000bf0                HAL_SYSTICK_Config
 .text.HAL_DMA_Init
                0x08000c1c       0x60 Drivers\STM32F1xx_HAL_Driver\Src\stm32f1xx_hal_dma.o
                0x08000c1c                HAL_DMA_Init
 .text.HAL_DMA_Start_IT
                0x08000c7c       0x7a Drivers\STM32F1xx_HAL_Driver\Src\stm32f1xx_hal_dma.o
                0x08000c7c                HAL_DMA_Start_IT
 *fill*         0x08000cf6        0x2 
 .text.HAL_DMA_IRQHandler
                0x08000cf8      0x128 Drivers\STM32F1xx_HAL_Driver\Src\stm32f1xx_hal_dma.o
                0x08000cf8                HAL_DMA_IRQHandler
 .text.HAL_GPIO_Init
                0x08000e20      0x1c4 Drivers\STM32F1xx_HAL_Driver\Src\stm32f1xx_hal_gpio.o
                0x08000e20                HAL_GPIO_Init
 .text.HAL_GPIO_ReadPin
                0x08000fe4        0xc Drivers\STM32F1xx_HAL_Driver\Src\stm32f1xx_hal_gpio.o
                0x08000fe4                HAL_GPIO_ReadPin
 .text.HAL_GPIO_WritePin
                0x08000ff0        0xa Drivers\STM32F1xx_HAL_Driver\Src\stm32f1xx_hal_gpio.o
                0x08000ff0                HAL_GPIO_WritePin
 .text.HAL_GPIO_TogglePin
                0x08000ffa        0xc Drivers\STM32F1xx_HAL_Driver\Src\stm32f1xx_hal_gpio.o
                0x08000ffa                HAL_GPIO_TogglePin
 *fill*         0x08001006        0x2 
 .text.HAL_RCC_OscConfig
                0x08001008      0x33c Drivers\STM32F1xx_HAL_Driver\Src\stm32f1xx_hal_rcc.o
                0x08001008                HAL_RCC_OscConfig
 .text.HAL_RCC_GetSysClockFreq
                0x08001344       0x78 Drivers\STM32F1xx_HAL_Driver\Src\stm32f1xx_hal_rcc.o
                0x08001344                HAL_RCC_GetSysClockFreq
 .text.HAL_RCC_ClockConfig
                0x080013bc      0x13c Drivers\STM32F1xx_HAL_Driver\Src\stm32f1xx_hal_rcc.o
                0x080013bc                HAL_RCC_ClockConfig
 .text.HAL_RCC_GetPCLK1Freq
                0x080014f8       0x20 Drivers\STM32F1xx_HAL_Driver\Src\stm32f1xx_hal_rcc.o
                0x080014f8                HAL_RCC_GetPCLK1Freq
 .text.HAL_RCC_GetPCLK2Freq
                0x08001518       0x20 Drivers\STM32F1xx_HAL_Driver\Src\stm32f1xx_hal_rcc.o
                0x08001518                HAL_RCC_GetPCLK2Freq
 .text.HAL_RCCEx_PeriphCLKConfig
                0x08001538       0xf0 Drivers\STM32F1xx_HAL_Driver\Src\stm32f1xx_hal_rcc_ex.o
                0x08001538                HAL_RCCEx_PeriphCLKConfig
 .text.SPI_WaitFlagStateUntilTimeout.constprop.8
                0x08001628       0x76 Drivers\STM32F1xx_HAL_Driver\Src\stm32f1xx_hal_spi.o
 .text.SPI_EndRxTxTransaction
                0x0800169e       0x1c Drivers\STM32F1xx_HAL_Driver\Src\stm32f1xx_hal_spi.o
 .text.HAL_SPI_Init
                0x080016ba       0x76 Drivers\STM32F1xx_HAL_Driver\Src\stm32f1xx_hal_spi.o
                0x080016ba                HAL_SPI_Init
 .text.HAL_SPI_Transmit
                0x08001730      0x152 Drivers\STM32F1xx_HAL_Driver\Src\stm32f1xx_hal_spi.o
                0x08001730                HAL_SPI_Transmit
 .text.HAL_SPI_TransmitReceive
                0x08001882      0x1e0 Drivers\STM32F1xx_HAL_Driver\Src\stm32f1xx_hal_spi.o
                0x08001882                HAL_SPI_TransmitReceive
 *fill*         0x08001a62        0x2 
 .text.TIM_OC1_SetConfig
                0x08001a64       0x50 Drivers\STM32F1xx_HAL_Driver\Src\stm32f1xx_hal_tim.o
 .text.TIM_OC3_SetConfig
                0x08001ab4       0x54 Drivers\STM32F1xx_HAL_Driver\Src\stm32f1xx_hal_tim.o
 .text.TIM_OC4_SetConfig
                0x08001b08       0x44 Drivers\STM32F1xx_HAL_Driver\Src\stm32f1xx_hal_tim.o
 .text.HAL_TIM_PWM_MspInit
                0x08001b4c        0x2 Drivers\STM32F1xx_HAL_Driver\Src\stm32f1xx_hal_tim.o
                0x08001b4c                HAL_TIM_PWM_MspInit
 *fill*         0x08001b4e        0x2 
 .text.TIM_Base_SetConfig
                0x08001b50       0x70 Drivers\STM32F1xx_HAL_Driver\Src\stm32f1xx_hal_tim.o
                0x08001b50                TIM_Base_SetConfig
 .text.HAL_TIM_Base_Init
                0x08001bc0       0x34 Drivers\STM32F1xx_HAL_Driver\Src\stm32f1xx_hal_tim.o
                0x08001bc0                HAL_TIM_Base_Init
 .text.HAL_TIM_PWM_Init
                0x08001bf4       0x34 Drivers\STM32F1xx_HAL_Driver\Src\stm32f1xx_hal_tim.o
                0x08001bf4                HAL_TIM_PWM_Init
 .text.TIM_OC2_SetConfig
                0x08001c28       0x58 Drivers\STM32F1xx_HAL_Driver\Src\stm32f1xx_hal_tim.o
                0x08001c28                TIM_OC2_SetConfig
 .text.HAL_TIM_PWM_ConfigChannel
                0x08001c80       0xc4 Drivers\STM32F1xx_HAL_Driver\Src\stm32f1xx_hal_tim.o
                0x08001c80                HAL_TIM_PWM_ConfigChannel
 .text.TIM_ETR_SetConfig
                0x08001d44       0x14 Drivers\STM32F1xx_HAL_Driver\Src\stm32f1xx_hal_tim.o
                0x08001d44                TIM_ETR_SetConfig
 .text.HAL_TIM_ConfigClockSource
                0x08001d58      0x128 Drivers\STM32F1xx_HAL_Driver\Src\stm32f1xx_hal_tim.o
                0x08001d58                HAL_TIM_ConfigClockSource
 .text.TIM_CCxChannelCmd
                0x08001e80       0x1c Drivers\STM32F1xx_HAL_Driver\Src\stm32f1xx_hal_tim.o
                0x08001e80                TIM_CCxChannelCmd
 .text.HAL_TIM_PWM_Start
                0x08001e9c       0x38 Drivers\STM32F1xx_HAL_Driver\Src\stm32f1xx_hal_tim.o
                0x08001e9c                HAL_TIM_PWM_Start
 .text.HAL_TIMEx_MasterConfigSynchronization
                0x08001ed4       0x3c Drivers\STM32F1xx_HAL_Driver\Src\stm32f1xx_hal_tim_ex.o
                0x08001ed4                HAL_TIMEx_MasterConfigSynchronization
 .text.UART_SetConfig
                0x08001f10       0x74 Drivers\STM32F1xx_HAL_Driver\Src\stm32f1xx_hal_uart.o
 .text.HAL_UART_Init
                0x08001f84       0x5c Drivers\STM32F1xx_HAL_Driver\Src\stm32f1xx_hal_uart.o
                0x08001f84                HAL_UART_Init
 .text.LED_onboard_blink
                0x08001fe0       0x2c Src\LED_ops.o
                0x08001fe0                LED_onboard_blink
 .text._write   0x0800200c       0x32 Src\main.o
                0x0800200c                _write
 .text.HAL_ADC_ConvCpltCallback
                0x0800203e        0x4 Src\main.o
                0x0800203e                HAL_ADC_ConvCpltCallback
 *fill*         0x08002042        0x2 
 .text.HAL_ADC_ErrorCallback
                0x08002044       0x20 Src\main.o
                0x08002044                HAL_ADC_ErrorCallback
 .text.LED_onboard_task
                0x08002064       0x44 Src\main.o
                0x08002064                LED_onboard_task
 .text.nRF24_task
                0x080020a8       0x80 Src\main.o
                0x080020a8                nRF24_task
 .text.Joystick_mngmnt_task
                0x08002128      0x194 Src\main.o
                0x08002128                Joystick_mngmnt_task
 .text.SystemClock_Config
                0x080022bc       0x7a Src\main.o
                0x080022bc                SystemClock_Config
 *fill*         0x08002336        0x2 
 .text.LED_RGB_SetValue
                0x08002338       0x3c Src\main.o
                0x08002338                LED_RGB_SetValue
 .text.RGB_light_task
                0x08002374       0xa8 Src\main.o
                0x08002374                RGB_light_task
 .text.LedArrayReset
                0x0800241c       0x4c Src\main.o
                0x0800241c                LedArrayReset
 .text.LedArrayWrite
                0x08002468       0xa4 Src\main.o
                0x08002468                LedArrayWrite
 .text.Display_task
                0x0800250c      0x170 Src\main.o
                0x0800250c                Display_task
 .text.LedArray_Init
                0x0800267c       0x7c Src\main.o
                0x0800267c                LedArray_Init
 .text.nRF24_Init
                0x080026f8       0xb4 Src\main.o
                0x080026f8                nRF24_Init
 .text.startup.main
                0x080027ac      0x390 Src\main.o
                0x080027ac                main
 .text.Error_Handler
                0x08002b3c        0x2 Src\main.o
                0x08002b3c                Error_Handler
 *fill*         0x08002b3e        0x2 
 .text.NRF24L01_CE_LOW
                0x08002b40       0x10 Src\nrf24l01.o
                0x08002b40                NRF24L01_CE_LOW
 .text.NRF24L01_CE_HIGH
                0x08002b50       0x10 Src\nrf24l01.o
                0x08002b50                NRF24L01_CE_HIGH
 .text.NRF24L01_CSN_LOW
                0x08002b60       0x10 Src\nrf24l01.o
                0x08002b60                NRF24L01_CSN_LOW
 .text.NRF24L01_CSN_HIGH
                0x08002b70       0x10 Src\nrf24l01.o
                0x08002b70                NRF24L01_CSN_HIGH
 .text.NRF24L01_FlushRx
                0x08002b80       0x28 Src\nrf24l01.o
                0x08002b80                NRF24L01_FlushRx
 .text.NRF24L01_FlushTx
                0x08002ba8       0x28 Src\nrf24l01.o
                0x08002ba8                NRF24L01_FlushTx
 .text.NRF24L01_SpiInit
                0x08002bd0       0xa0 Src\nrf24l01.o
                0x08002bd0                NRF24L01_SpiInit
 .text.NRF24L01_ReadRegister
                0x08002c70       0x40 Src\nrf24l01.o
                0x08002c70                NRF24L01_ReadRegister
 .text.NRF24L01_WriteRegister
                0x08002cb0       0x30 Src\nrf24l01.o
                0x08002cb0                NRF24L01_WriteRegister
 .text.NRF24L01_ClearInterrupts
                0x08002ce0        0x8 Src\nrf24l01.o
                0x08002ce0                NRF24L01_ClearInterrupts
 .text.NRF24L01_WriteBit
                0x08002ce8       0x2a Src\nrf24l01.o
                0x08002ce8                NRF24L01_WriteBit
 *fill*         0x08002d12        0x2 
 .text.NRF24L01_WriteRegisterMulti
                0x08002d14       0x50 Src\nrf24l01.o
                0x08002d14                NRF24L01_WriteRegisterMulti
 .text.NRF24L01_SoftwareReset
                0x08002d64      0x11c Src\nrf24l01.o
                0x08002d64                NRF24L01_SoftwareReset
 .text.NRF24L01_SetTxAddress
                0x08002e80       0x1c Src\nrf24l01.o
                0x08002e80                NRF24L01_SetTxAddress
 .text.NRF24L01_PowerDown
                0x08002e9c       0x14 Src\nrf24l01.o
                0x08002e9c                NRF24L01_PowerDown
 .text.NRF24L01_PowerUpRx
                0x08002eb0       0x1e Src\nrf24l01.o
                0x08002eb0                NRF24L01_PowerUpRx
 .text.NRF24L01_PowerUpTx
                0x08002ece       0x1e Src\nrf24l01.o
                0x08002ece                NRF24L01_PowerUpTx
 .text.NRF24L01_GetStatus
                0x08002eec       0x34 Src\nrf24l01.o
                0x08002eec                NRF24L01_GetStatus
 .text.NRF24L01_GetTransmissionStatus
                0x08002f20       0x18 Src\nrf24l01.o
                0x08002f20                NRF24L01_GetTransmissionStatus
 .text.NRF24L01_Transmit
                0x08002f38       0x9c Src\nrf24l01.o
                0x08002f38                NRF24L01_Transmit
 .text.NRF24L01_SetChannel
                0x08002fd4       0x1c Src\nrf24l01.o
                0x08002fd4                NRF24L01_SetChannel
 .text.NRF24L01_SetCrcLength
                0x08002ff0       0x2a Src\nrf24l01.o
                0x08002ff0                NRF24L01_SetCrcLength
 *fill*         0x0800301a        0x2 
 .text.NRF24L01_SetRF
                0x0800301c       0x3c Src\nrf24l01.o
                0x0800301c                NRF24L01_SetRF
 .text.NRF24L01_Init
                0x08003058      0x144 Src\nrf24l01.o
                0x08003058                NRF24L01_Init
 .text.NRF24L01_SetAutoAck
                0x0800319c       0x50 Src\nrf24l01.o
                0x0800319c                NRF24L01_SetAutoAck
 .text.NRF24L01_OpenWritingPipe
                0x080031ec       0x18 Src\nrf24l01.o
                0x080031ec                NRF24L01_OpenWritingPipe
 .text.NRF24L01_OpenReadingPipe
                0x08003204       0x3c Src\nrf24l01.o
                0x08003204                NRF24L01_OpenReadingPipe
 .text.HAL_MspInit
                0x08003240       0x44 Src\stm32f1xx_hal_msp.o
                0x08003240                HAL_MspInit
 .text.HAL_ADC_MspInit
                0x08003284       0xbc Src\stm32f1xx_hal_msp.o
                0x08003284                HAL_ADC_MspInit
 .text.HAL_SPI_MspInit
                0x08003340       0x74 Src\stm32f1xx_hal_msp.o
                0x08003340                HAL_SPI_MspInit
 .text.HAL_TIM_Base_MspInit
                0x080033b4       0x28 Src\stm32f1xx_hal_msp.o
                0x080033b4                HAL_TIM_Base_MspInit
 .text.HAL_TIM_MspPostInit
                0x080033dc       0x50 Src\stm32f1xx_hal_msp.o
                0x080033dc                HAL_TIM_MspPostInit
 .text.HAL_UART_MspInit
                0x0800342c       0x78 Src\stm32f1xx_hal_msp.o
                0x0800342c                HAL_UART_MspInit
 .text.NMI_Handler
                0x080034a4        0x2 Src\stm32f1xx_it.o
                0x080034a4                NMI_Handler
 .text.HardFault_Handler
                0x080034a6        0x2 Src\stm32f1xx_it.o
                0x080034a6                HardFault_Handler
 .text.MemManage_Handler
                0x080034a8        0x2 Src\stm32f1xx_it.o
                0x080034a8                MemManage_Handler
 .text.BusFault_Handler
                0x080034aa        0x2 Src\stm32f1xx_it.o
                0x080034aa                BusFault_Handler
 .text.UsageFault_Handler
                0x080034ac        0x2 Src\stm32f1xx_it.o
                0x080034ac                UsageFault_Handler
 .text.SVC_Handler
                0x080034ae        0x2 Src\stm32f1xx_it.o
                0x080034ae                SVC_Handler
 .text.DebugMon_Handler
                0x080034b0        0x2 Src\stm32f1xx_it.o
                0x080034b0                DebugMon_Handler
 .text.PendSV_Handler
                0x080034b2        0x2 Src\stm32f1xx_it.o
                0x080034b2                PendSV_Handler
 .text.SysTick_Handler
                0x080034b4        0x4 Src\stm32f1xx_it.o
                0x080034b4                SysTick_Handler
 .text.DMA1_Channel1_IRQHandler
                0x080034b8        0xc Src\stm32f1xx_it.o
                0x080034b8                DMA1_Channel1_IRQHandler
 .text._read    0x080034c4       0x1c Src\syscalls.o
                0x080034c4                _read
 .text._sbrk    0x080034e0       0x34 Src\syscalls.o
                0x080034e0                _sbrk
 .text._close   0x08003514        0x6 Src\syscalls.o
                0x08003514                _close
 .text._fstat   0x0800351a        0xa Src\syscalls.o
                0x0800351a                _fstat
 .text._isatty  0x08003524        0x4 Src\syscalls.o
                0x08003524                _isatty
 .text._lseek   0x08003528        0x4 Src\syscalls.o
                0x08003528                _lseek
 .text.SystemInit
                0x0800352c       0x4c Src\system_stm32f1xx.o
                0x0800352c                SystemInit
 .text.Reset_Handler
                0x08003578       0x48 startup\startup_stm32f103xb.o
                0x08003578                Reset_Handler
 .text.Default_Handler
                0x080035c0        0x2 startup\startup_stm32f103xb.o
                0x080035c0                RTC_Alarm_IRQHandler
                0x080035c0                EXTI2_IRQHandler
                0x080035c0                TIM1_CC_IRQHandler
                0x080035c0                PVD_IRQHandler
                0x080035c0                EXTI3_IRQHandler
                0x080035c0                EXTI0_IRQHandler
                0x080035c0                I2C2_EV_IRQHandler
                0x080035c0                ADC1_2_IRQHandler
                0x080035c0                SPI1_IRQHandler
                0x080035c0                TAMPER_IRQHandler
                0x080035c0                DMA1_Channel4_IRQHandler
                0x080035c0                USART3_IRQHandler
                0x080035c0                RTC_IRQHandler
                0x080035c0                DMA1_Channel7_IRQHandler
                0x080035c0                CAN1_RX1_IRQHandler
                0x080035c0                TIM4_IRQHandler
                0x080035c0                I2C1_EV_IRQHandler
                0x080035c0                DMA1_Channel6_IRQHandler
                0x080035c0                TIM3_IRQHandler
                0x080035c0                RCC_IRQHandler
                0x080035c0                TIM1_TRG_COM_IRQHandler
                0x080035c0                Default_Handler
                0x080035c0                EXTI15_10_IRQHandler
                0x080035c0                EXTI9_5_IRQHandler
                0x080035c0                SPI2_IRQHandler
                0x080035c0                DMA1_Channel5_IRQHandler
                0x080035c0                EXTI4_IRQHandler
                0x080035c0                USB_LP_CAN1_RX0_IRQHandler
                0x080035c0                USB_HP_CAN1_TX_IRQHandler
                0x080035c0                DMA1_Channel3_IRQHandler
                0x080035c0                TIM1_UP_IRQHandler
                0x080035c0                WWDG_IRQHandler
                0x080035c0                TIM2_IRQHandler
                0x080035c0                TIM1_BRK_IRQHandler
                0x080035c0                EXTI1_IRQHandler
                0x080035c0                USART2_IRQHandler
                0x080035c0                I2C2_ER_IRQHandler
                0x080035c0                DMA1_Channel2_IRQHandler
                0x080035c0                CAN1_SCE_IRQHandler
                0x080035c0                FLASH_IRQHandler
                0x080035c0                USART1_IRQHandler
                0x080035c0                I2C1_ER_IRQHandler
                0x080035c0                USBWakeUp_IRQHandler
 *fill*         0x080035c2        0x2 
 .text.__errno  0x080035c4        0xc c:/program files (x86)/atollic/truestudio for stm32 9.3.0/armtools/bin/../lib/gcc/arm-atollic-eabi/6.3.1/../../../../arm-atollic-eabi/lib/armv7-m\libc_nano.a(lib_a-errno.o)
                0x080035c4                __errno
 .text.__libc_init_array
                0x080035d0       0x48 c:/program files (x86)/atollic/truestudio for stm32 9.3.0/armtools/bin/../lib/gcc/arm-atollic-eabi/6.3.1/../../../../arm-atollic-eabi/lib/armv7-m\libc_nano.a(lib_a-init.o)
                0x080035d0                __libc_init_array
 .text.memset   0x08003618       0x10 c:/program files (x86)/atollic/truestudio for stm32 9.3.0/armtools/bin/../lib/gcc/arm-atollic-eabi/6.3.1/../../../../arm-atollic-eabi/lib/armv7-m\libc_nano.a(lib_a-memset.o)
                0x08003618                memset
 .text.printf   0x08003628       0x30 c:/program files (x86)/atollic/truestudio for stm32 9.3.0/armtools/bin/../lib/gcc/arm-atollic-eabi/6.3.1/../../../../arm-atollic-eabi/lib/armv7-m\libc_nano.a(lib_a-printf.o)
                0x08003628                iprintf
                0x08003628                printf
 .text._puts_r  0x08003658       0xb8 c:/program files (x86)/atollic/truestudio for stm32 9.3.0/armtools/bin/../lib/gcc/arm-atollic-eabi/6.3.1/../../../../arm-atollic-eabi/lib/armv7-m\libc_nano.a(lib_a-puts.o)
                0x08003658                _puts_r
 .text.puts     0x08003710       0x10 c:/program files (x86)/atollic/truestudio for stm32 9.3.0/armtools/bin/../lib/gcc/arm-atollic-eabi/6.3.1/../../../../arm-atollic-eabi/lib/armv7-m\libc_nano.a(lib_a-puts.o)
                0x08003710                puts
 .text.__swbuf_r
                0x08003720       0xa4 c:/program files (x86)/atollic/truestudio for stm32 9.3.0/armtools/bin/../lib/gcc/arm-atollic-eabi/6.3.1/../../../../arm-atollic-eabi/lib/armv7-m\libc_nano.a(lib_a-wbuf.o)
                0x08003720                __swbuf_r
 .text.__swsetup_r
                0x080037c4       0xdc c:/program files (x86)/atollic/truestudio for stm32 9.3.0/armtools/bin/../lib/gcc/arm-atollic-eabi/6.3.1/../../../../arm-atollic-eabi/lib/armv7-m\libc_nano.a(lib_a-wsetup.o)
                0x080037c4                __swsetup_r
 .text.__sflush_r
                0x080038a0      0x110 c:/program files (x86)/atollic/truestudio for stm32 9.3.0/armtools/bin/../lib/gcc/arm-atollic-eabi/6.3.1/../../../../arm-atollic-eabi/lib/armv7-m\libc_nano.a(lib_a-fflush.o)
                0x080038a0                __sflush_r
 .text._fflush_r
                0x080039b0       0x54 c:/program files (x86)/atollic/truestudio for stm32 9.3.0/armtools/bin/../lib/gcc/arm-atollic-eabi/6.3.1/../../../../arm-atollic-eabi/lib/armv7-m\libc_nano.a(lib_a-fflush.o)
                0x080039b0                _fflush_r
 .text._cleanup_r
                0x08003a04        0xc c:/program files (x86)/atollic/truestudio for stm32 9.3.0/armtools/bin/../lib/gcc/arm-atollic-eabi/6.3.1/../../../../arm-atollic-eabi/lib/armv7-m\libc_nano.a(lib_a-findfp.o)
                0x08003a04                _cleanup_r
 .text.std.isra.0
                0x08003a10       0x48 c:/program files (x86)/atollic/truestudio for stm32 9.3.0/armtools/bin/../lib/gcc/arm-atollic-eabi/6.3.1/../../../../arm-atollic-eabi/lib/armv7-m\libc_nano.a(lib_a-findfp.o)
 .text.__sfmoreglue
                0x08003a58       0x2c c:/program files (x86)/atollic/truestudio for stm32 9.3.0/armtools/bin/../lib/gcc/arm-atollic-eabi/6.3.1/../../../../arm-atollic-eabi/lib/armv7-m\libc_nano.a(lib_a-findfp.o)
                0x08003a58                __sfmoreglue
 .text.__sinit  0x08003a84       0x60 c:/program files (x86)/atollic/truestudio for stm32 9.3.0/armtools/bin/../lib/gcc/arm-atollic-eabi/6.3.1/../../../../arm-atollic-eabi/lib/armv7-m\libc_nano.a(lib_a-findfp.o)
                0x08003a84                __sinit
 .text.__sfp    0x08003ae4       0x78 c:/program files (x86)/atollic/truestudio for stm32 9.3.0/armtools/bin/../lib/gcc/arm-atollic-eabi/6.3.1/../../../../arm-atollic-eabi/lib/armv7-m\libc_nano.a(lib_a-findfp.o)
                0x08003ae4                __sfp
 .text._fwalk_reent
                0x08003b5c       0x3c c:/program files (x86)/atollic/truestudio for stm32 9.3.0/armtools/bin/../lib/gcc/arm-atollic-eabi/6.3.1/../../../../arm-atollic-eabi/lib/armv7-m\libc_nano.a(lib_a-fwalk.o)
                0x08003b5c                _fwalk_reent
 .text.__swhatbuf_r
                0x08003b98       0x48 c:/program files (x86)/atollic/truestudio for stm32 9.3.0/armtools/bin/../lib/gcc/arm-atollic-eabi/6.3.1/../../../../arm-atollic-eabi/lib/armv7-m\libc_nano.a(lib_a-makebuf.o)
                0x08003b98                __swhatbuf_r
 .text.__smakebuf_r
                0x08003be0       0x80 c:/program files (x86)/atollic/truestudio for stm32 9.3.0/armtools/bin/../lib/gcc/arm-atollic-eabi/6.3.1/../../../../arm-atollic-eabi/lib/armv7-m\libc_nano.a(lib_a-makebuf.o)
                0x08003be0                __smakebuf_r
 .text._free_r  0x08003c60       0x98 c:/program files (x86)/atollic/truestudio for stm32 9.3.0/armtools/bin/../lib/gcc/arm-atollic-eabi/6.3.1/../../../../arm-atollic-eabi/lib/armv7-m\libc_nano.a(lib_a-nano-freer.o)
                0x08003c60                _free_r
 .text._malloc_r
                0x08003cf8       0xbc c:/program files (x86)/atollic/truestudio for stm32 9.3.0/armtools/bin/../lib/gcc/arm-atollic-eabi/6.3.1/../../../../arm-atollic-eabi/lib/armv7-m\libc_nano.a(lib_a-nano-mallocr.o)
                0x08003cf8                _malloc_r
 .text.__sfputc_r
                0x08003db4       0x2c c:/program files (x86)/atollic/truestudio for stm32 9.3.0/armtools/bin/../lib/gcc/arm-atollic-eabi/6.3.1/../../../../arm-atollic-eabi/lib/armv7-m\libc_nano.a(lib_a-nano-vfprintf.o)
 .text.__sfputs_r
                0x08003de0       0x24 c:/program files (x86)/atollic/truestudio for stm32 9.3.0/armtools/bin/../lib/gcc/arm-atollic-eabi/6.3.1/../../../../arm-atollic-eabi/lib/armv7-m\libc_nano.a(lib_a-nano-vfprintf.o)
                0x08003de0                __sfputs_r
 .text._vfprintf_r
                0x08003e04      0x22c c:/program files (x86)/atollic/truestudio for stm32 9.3.0/armtools/bin/../lib/gcc/arm-atollic-eabi/6.3.1/../../../../arm-atollic-eabi/lib/armv7-m\libc_nano.a(lib_a-nano-vfprintf.o)
                0x08003e04                _vfprintf_r
                0x08003e04                _vfiprintf_r
 .text._printf_common
                0x08004030       0xee c:/program files (x86)/atollic/truestudio for stm32 9.3.0/armtools/bin/../lib/gcc/arm-atollic-eabi/6.3.1/../../../../arm-atollic-eabi/lib/armv7-m\libc_nano.a(lib_a-nano-vfprintf_i.o)
                0x08004030                _printf_common
 *fill*         0x0800411e        0x2 
 .text._printf_i
                0x08004120      0x240 c:/program files (x86)/atollic/truestudio for stm32 9.3.0/armtools/bin/../lib/gcc/arm-atollic-eabi/6.3.1/../../../../arm-atollic-eabi/lib/armv7-m\libc_nano.a(lib_a-nano-vfprintf_i.o)
                0x08004120                _printf_i
 .text._sbrk_r  0x08004360       0x20 c:/program files (x86)/atollic/truestudio for stm32 9.3.0/armtools/bin/../lib/gcc/arm-atollic-eabi/6.3.1/../../../../arm-atollic-eabi/lib/armv7-m\libc_nano.a(lib_a-sbrkr.o)
                0x08004360                _sbrk_r
 .text.__sread  0x08004380       0x22 c:/program files (x86)/atollic/truestudio for stm32 9.3.0/armtools/bin/../lib/gcc/arm-atollic-eabi/6.3.1/../../../../arm-atollic-eabi/lib/armv7-m\libc_nano.a(lib_a-stdio.o)
                0x08004380                __sread
 .text.__swrite
                0x080043a2       0x38 c:/program files (x86)/atollic/truestudio for stm32 9.3.0/armtools/bin/../lib/gcc/arm-atollic-eabi/6.3.1/../../../../arm-atollic-eabi/lib/armv7-m\libc_nano.a(lib_a-stdio.o)
                0x080043a2                __swrite
 .text.__sseek  0x080043da       0x24 c:/program files (x86)/atollic/truestudio for stm32 9.3.0/armtools/bin/../lib/gcc/arm-atollic-eabi/6.3.1/../../../../arm-atollic-eabi/lib/armv7-m\libc_nano.a(lib_a-stdio.o)
                0x080043da                __sseek
 .text.__sclose
                0x080043fe        0x8 c:/program files (x86)/atollic/truestudio for stm32 9.3.0/armtools/bin/../lib/gcc/arm-atollic-eabi/6.3.1/../../../../arm-atollic-eabi/lib/armv7-m\libc_nano.a(lib_a-stdio.o)
                0x080043fe                __sclose
 *fill*         0x08004406        0x2 
 .text._write_r
                0x08004408       0x24 c:/program files (x86)/atollic/truestudio for stm32 9.3.0/armtools/bin/../lib/gcc/arm-atollic-eabi/6.3.1/../../../../arm-atollic-eabi/lib/armv7-m\libc_nano.a(lib_a-writer.o)
                0x08004408                _write_r
 .text._close_r
                0x0800442c       0x20 c:/program files (x86)/atollic/truestudio for stm32 9.3.0/armtools/bin/../lib/gcc/arm-atollic-eabi/6.3.1/../../../../arm-atollic-eabi/lib/armv7-m\libc_nano.a(lib_a-closer.o)
                0x0800442c                _close_r
 .text._fstat_r
                0x0800444c       0x24 c:/program files (x86)/atollic/truestudio for stm32 9.3.0/armtools/bin/../lib/gcc/arm-atollic-eabi/6.3.1/../../../../arm-atollic-eabi/lib/armv7-m\libc_nano.a(lib_a-fstatr.o)
                0x0800444c                _fstat_r
 .text._isatty_r
                0x08004470       0x20 c:/program files (x86)/atollic/truestudio for stm32 9.3.0/armtools/bin/../lib/gcc/arm-atollic-eabi/6.3.1/../../../../arm-atollic-eabi/lib/armv7-m\libc_nano.a(lib_a-isattyr.o)
                0x08004470                _isatty_r
 .text._lseek_r
                0x08004490       0x24 c:/program files (x86)/atollic/truestudio for stm32 9.3.0/armtools/bin/../lib/gcc/arm-atollic-eabi/6.3.1/../../../../arm-atollic-eabi/lib/armv7-m\libc_nano.a(lib_a-lseekr.o)
                0x08004490                _lseek_r
 .text.memchr   0x080044b4       0x1c c:/program files (x86)/atollic/truestudio for stm32 9.3.0/armtools/bin/../lib/gcc/arm-atollic-eabi/6.3.1/../../../../arm-atollic-eabi/lib/armv7-m\libc_nano.a(lib_a-memchr-stub.o)
                0x080044b4                memchr
 .text.__malloc_lock
                0x080044d0        0x2 c:/program files (x86)/atollic/truestudio for stm32 9.3.0/armtools/bin/../lib/gcc/arm-atollic-eabi/6.3.1/../../../../arm-atollic-eabi/lib/armv7-m\libc_nano.a(lib_a-mlock.o)
                0x080044d0                __malloc_lock
 .text.__malloc_unlock
                0x080044d2        0x2 c:/program files (x86)/atollic/truestudio for stm32 9.3.0/armtools/bin/../lib/gcc/arm-atollic-eabi/6.3.1/../../../../arm-atollic-eabi/lib/armv7-m\libc_nano.a(lib_a-mlock.o)
                0x080044d2                __malloc_unlock
 .text._read_r  0x080044d4       0x24 c:/program files (x86)/atollic/truestudio for stm32 9.3.0/armtools/bin/../lib/gcc/arm-atollic-eabi/6.3.1/../../../../arm-atollic-eabi/lib/armv7-m\libc_nano.a(lib_a-readr.o)
                0x080044d4                _read_r
 *(.glue_7)
 .glue_7        0x080044f8        0x0 linker stubs
 *(.glue_7t)
 .glue_7t       0x080044f8        0x0 linker stubs
 *(.eh_frame)
 .eh_frame      0x080044f8        0x0 c:/program files (x86)/atollic/truestudio for stm32 9.3.0/armtools/bin/../lib/gcc/arm-atollic-eabi/6.3.1/armv7-m/crtbegin.o
 *(.init)
 .init          0x080044f8        0x4 c:/program files (x86)/atollic/truestudio for stm32 9.3.0/armtools/bin/../lib/gcc/arm-atollic-eabi/6.3.1/armv7-m/crti.o
                0x080044f8                _init
 .init          0x080044fc        0x8 c:/program files (x86)/atollic/truestudio for stm32 9.3.0/armtools/bin/../lib/gcc/arm-atollic-eabi/6.3.1/armv7-m/crtn.o
 *(.fini)
 .fini          0x08004504        0x4 c:/program files (x86)/atollic/truestudio for stm32 9.3.0/armtools/bin/../lib/gcc/arm-atollic-eabi/6.3.1/armv7-m/crti.o
                0x08004504                _fini
 .fini          0x08004508        0x8 c:/program files (x86)/atollic/truestudio for stm32 9.3.0/armtools/bin/../lib/gcc/arm-atollic-eabi/6.3.1/armv7-m/crtn.o
                0x08004510                . = ALIGN (0x4)
                0x08004510                _etext = .

.vfp11_veneer   0x08004510        0x0
 .vfp11_veneer  0x08004510        0x0 linker stubs

.v4_bx          0x08004510        0x0
 .v4_bx         0x08004510        0x0 linker stubs

.iplt           0x08004510        0x0
 .iplt          0x08004510        0x0 c:/program files (x86)/atollic/truestudio for stm32 9.3.0/armtools/bin/../lib/gcc/arm-atollic-eabi/6.3.1/armv7-m/crtbegin.o

.rodata         0x08004510      0x13c
                0x08004510                . = ALIGN (0x4)
 *(.rodata)
 .rodata        0x08004510       0x10 Drivers\STM32F1xx_HAL_Driver\Src\stm32f1xx_hal_rcc.o
 *(.rodata*)
 .rodata.HAL_ADC_ErrorCallback.str1.1
                0x08004520       0x10 Src\main.o
 .rodata.main.str1.1
                0x08004530       0x2f Src\main.o
 .rodata.nRF24_task.str1.1
                0x0800455f        0xd Src\main.o
 .rodata.NRF24L01_Init.str1.1
                0x0800456c       0x2e Src\nrf24l01.o
 .rodata.AHBPrescTable
                0x0800459a       0x10 Src\system_stm32f1xx.o
                0x0800459a                AHBPrescTable
 .rodata.APBPrescTable
                0x080045aa        0x8 Src\system_stm32f1xx.o
                0x080045aa                APBPrescTable
 *fill*         0x080045b2        0x2 
 .rodata._global_impure_ptr
                0x080045b4        0x4 c:/program files (x86)/atollic/truestudio for stm32 9.3.0/armtools/bin/../lib/gcc/arm-atollic-eabi/6.3.1/../../../../arm-atollic-eabi/lib/armv7-m\libc_nano.a(lib_a-impure.o)
                0x080045b4                _global_impure_ptr
 .rodata.__sf_fake_stderr
                0x080045b8       0x20 c:/program files (x86)/atollic/truestudio for stm32 9.3.0/armtools/bin/../lib/gcc/arm-atollic-eabi/6.3.1/../../../../arm-atollic-eabi/lib/armv7-m\libc_nano.a(lib_a-findfp.o)
                0x080045b8                __sf_fake_stderr
 .rodata.__sf_fake_stdin
                0x080045d8       0x20 c:/program files (x86)/atollic/truestudio for stm32 9.3.0/armtools/bin/../lib/gcc/arm-atollic-eabi/6.3.1/../../../../arm-atollic-eabi/lib/armv7-m\libc_nano.a(lib_a-findfp.o)
                0x080045d8                __sf_fake_stdin
 .rodata.__sf_fake_stdout
                0x080045f8       0x20 c:/program files (x86)/atollic/truestudio for stm32 9.3.0/armtools/bin/../lib/gcc/arm-atollic-eabi/6.3.1/../../../../arm-atollic-eabi/lib/armv7-m\libc_nano.a(lib_a-findfp.o)
                0x080045f8                __sf_fake_stdout
 .rodata._vfprintf_r.str1.1
                0x08004618       0x11 c:/program files (x86)/atollic/truestudio for stm32 9.3.0/armtools/bin/../lib/gcc/arm-atollic-eabi/6.3.1/../../../../arm-atollic-eabi/lib/armv7-m\libc_nano.a(lib_a-nano-vfprintf.o)
 .rodata._printf_i.str1.1
                0x08004629       0x22 c:/program files (x86)/atollic/truestudio for stm32 9.3.0/armtools/bin/../lib/gcc/arm-atollic-eabi/6.3.1/../../../../arm-atollic-eabi/lib/armv7-m\libc_nano.a(lib_a-nano-vfprintf_i.o)
                0x0800464c                . = ALIGN (0x4)
 *fill*         0x0800464b        0x1 

.rel.dyn        0x0800464c        0x0
 .rel.iplt      0x0800464c        0x0 c:/program files (x86)/atollic/truestudio for stm32 9.3.0/armtools/bin/../lib/gcc/arm-atollic-eabi/6.3.1/armv7-m/crtbegin.o

.ARM.extab
 *(.ARM.extab* .gnu.linkonce.armextab.*)

.ARM            0x0800464c        0x0
                0x0800464c                __exidx_start = .
 *(.ARM.exidx*)
                0x0800464c                __exidx_end = .

.preinit_array  0x0800464c        0x0
                0x0800464c                PROVIDE (__preinit_array_start, .)
 *(.preinit_array*)
                0x0800464c                PROVIDE (__preinit_array_end, .)

.init_array     0x0800464c        0x4
                0x0800464c                PROVIDE (__init_array_start, .)
 *(SORT(.init_array.*))
 *(.init_array*)
 .init_array    0x0800464c        0x4 c:/program files (x86)/atollic/truestudio for stm32 9.3.0/armtools/bin/../lib/gcc/arm-atollic-eabi/6.3.1/armv7-m/crtbegin.o
                0x08004650                PROVIDE (__init_array_end, .)

.fini_array     0x08004650        0x4
                [!provide]                PROVIDE (__fini_array_start, .)
 *(SORT(.fini_array.*))
 *(.fini_array*)
 .fini_array    0x08004650        0x4 c:/program files (x86)/atollic/truestudio for stm32 9.3.0/armtools/bin/../lib/gcc/arm-atollic-eabi/6.3.1/armv7-m/crtbegin.o
                [!provide]                PROVIDE (__fini_array_end, .)
                0x08004654                _sidata = LOADADDR (.data)

.data           0x20000000       0x94 load address 0x08004654
                0x20000000                . = ALIGN (0x4)
                0x20000000                _sdata = .
 *(.data)
 *(.data*)
 .data.uwTickFreq
                0x20000000        0x1 Drivers\STM32F1xx_HAL_Driver\Src\stm32f1xx_hal.o
                0x20000000                uwTickFreq
 *fill*         0x20000001        0x3 
 .data.uwTickPrio
                0x20000004        0x4 Drivers\STM32F1xx_HAL_Driver\Src\stm32f1xx_hal.o
                0x20000004                uwTickPrio
 .data.LEDArrayList
                0x20000008       0x10 Src\main.o
                0x20000008                LEDArrayList
 .data.LEDArrayOut
                0x20000018        0x4 Src\main.o
                0x20000018                LEDArrayOut
 .data.channel  0x2000001c        0x1 Src\main.o
                0x2000001c                channel
 .data.payload  0x2000001d        0x1 Src\main.o
                0x2000001d                payload
 .data.pipeIn   0x2000001e        0x5 Src\main.o
                0x2000001e                pipeIn
 .data.pipeOut  0x20000023        0x5 Src\main.o
                0x20000023                pipeOut
 .data.time_count.7710
                0x20000028        0x1 Src\main.o
 *fill*         0x20000029        0x3 
 .data.SystemCoreClock
                0x2000002c        0x4 Src\system_stm32f1xx.o
                0x2000002c                SystemCoreClock
 .data._impure_ptr
                0x20000030        0x4 c:/program files (x86)/atollic/truestudio for stm32 9.3.0/armtools/bin/../lib/gcc/arm-atollic-eabi/6.3.1/../../../../arm-atollic-eabi/lib/armv7-m\libc_nano.a(lib_a-impure.o)
                0x20000030                _impure_ptr
 .data.impure_data
                0x20000034       0x60 c:/program files (x86)/atollic/truestudio for stm32 9.3.0/armtools/bin/../lib/gcc/arm-atollic-eabi/6.3.1/../../../../arm-atollic-eabi/lib/armv7-m\libc_nano.a(lib_a-impure.o)
                0x20000094                . = ALIGN (0x4)
                0x20000094                _edata = .

.igot.plt       0x20000094        0x0 load address 0x080046e8
 .igot.plt      0x20000094        0x0 c:/program files (x86)/atollic/truestudio for stm32 9.3.0/armtools/bin/../lib/gcc/arm-atollic-eabi/6.3.1/armv7-m/crtbegin.o
                0x20000094                . = ALIGN (0x4)

.bss            0x20000094      0x274 load address 0x080046e8
                0x20000094                _sbss = .
                0x20000094                __bss_start__ = _sbss
 *(.bss)
 .bss           0x20000094       0x1c c:/program files (x86)/atollic/truestudio for stm32 9.3.0/armtools/bin/../lib/gcc/arm-atollic-eabi/6.3.1/armv7-m/crtbegin.o
 *(.bss*)
 .bss.funcTick.6289
                0x200000b0        0x4 Src\LED_ops.o
 .bss.ButtonDownTime.7721
                0x200000b4        0x4 Src\main.o
 .bss.ConvTime  0x200000b8        0x4 Src\main.o
                0x200000b8                ConvTime
 .bss.LEDArrayOutCharIndex
                0x200000bc        0x4 Src\main.o
                0x200000bc                LEDArrayOutCharIndex
 .bss.LED_NO_TO_UPDATE.7716
                0x200000c0        0x1 Src\main.o
 *fill*         0x200000c1        0x1 
 .bss.adc_buff  0x200000c2        0xa Src\main.o
                0x200000c2                adc_buff
 .bss.taskTick.7694
                0x200000cc        0x4 Src\main.o
 .bss.taskTick.7698
                0x200000d0        0x4 Src\main.o
 .bss.taskTick.7703
                0x200000d4        0x4 Src\main.o
 .bss.taskTick.7720
                0x200000d8        0x4 Src\main.o
 .bss.taskTick1.7708
                0x200000dc        0x4 Src\main.o
 .bss.taskTick2.7709
                0x200000e0        0x4 Src\main.o
 .bss.NRF24L01_Pins
                0x200000e4       0x30 Src\nrf24l01.o
 .bss.NRF24L01_Struct
                0x20000114        0x8 Src\nrf24l01.o
 .bss.heap_end.5887
                0x2000011c        0x4 Src\syscalls.o
 .bss.__malloc_free_list
                0x20000120        0x4 c:/program files (x86)/atollic/truestudio for stm32 9.3.0/armtools/bin/../lib/gcc/arm-atollic-eabi/6.3.1/../../../../arm-atollic-eabi/lib/armv7-m\libc_nano.a(lib_a-nano-mallocr.o)
                0x20000120                __malloc_free_list
 .bss.__malloc_sbrk_start
                0x20000124        0x4 c:/program files (x86)/atollic/truestudio for stm32 9.3.0/armtools/bin/../lib/gcc/arm-atollic-eabi/6.3.1/../../../../arm-atollic-eabi/lib/armv7-m\libc_nano.a(lib_a-nano-mallocr.o)
                0x20000124                __malloc_sbrk_start
 *(COMMON)
 COMMON         0x20000128        0x4 Drivers\STM32F1xx_HAL_Driver\Src\stm32f1xx_hal.o
                0x20000128                uwTick
 COMMON         0x2000012c      0x1d0 Src\main.o
                0x2000012c                OperatingMode
                0x20000130                htim4
                0x20000170                JoystickStates
                0x20000174                JoystickMngmt
                0x20000178                hadc1
                0x200001a8                huart1
                0x200001e8                txPackage
                0x20000208                hdma_adc1
                0x2000024c                RxPackage
                0x2000026c                NRF24L01_Pins
                0x2000029c                hspi1
                0x200002f4                Joystick2States
                0x200002f8                DisplayMode
 COMMON         0x200002fc        0x5 Src\nrf24l01.o
                0x200002fc                pipe0_reading_address
 *fill*         0x20000301        0x3 
 COMMON         0x20000304        0x4 c:/program files (x86)/atollic/truestudio for stm32 9.3.0/armtools/bin/../lib/gcc/arm-atollic-eabi/6.3.1/../../../../arm-atollic-eabi/lib/armv7-m\libc_nano.a(lib_a-reent.o)
                0x20000304                errno
                0x20000308                . = ALIGN (0x4)
                0x20000308                _ebss = .
                0x20000308                __bss_end__ = _ebss

._user_heap_stack
                0x20000308      0x600 load address 0x080046e8
                0x20000308                . = ALIGN (0x4)
                0x20000308                PROVIDE (end, .)
                [!provide]                PROVIDE (_end, .)
                0x20000508                . = (. + _Min_Heap_Size)
 *fill*         0x20000308      0x200 
                0x20000908                . = (. + _Min_Stack_Size)
 *fill*         0x20000508      0x400 
                0x20000908                . = ALIGN (0x4)

/DISCARD/
 libc.a(*)
 libm.a(*)
 libgcc.a(*)

.ARM.attributes
                0x00000000       0x29
 *(.ARM.attributes)
 .ARM.attributes
                0x00000000       0x1d c:/program files (x86)/atollic/truestudio for stm32 9.3.0/armtools/bin/../lib/gcc/arm-atollic-eabi/6.3.1/armv7-m/crti.o
 .ARM.attributes
                0x0000001d       0x2d c:/program files (x86)/atollic/truestudio for stm32 9.3.0/armtools/bin/../lib/gcc/arm-atollic-eabi/6.3.1/armv7-m/crtbegin.o
 .ARM.attributes
                0x0000004a       0x33 Drivers\STM32F1xx_HAL_Driver\Src\stm32f1xx_hal.o
 .ARM.attributes
                0x0000007d       0x33 Drivers\STM32F1xx_HAL_Driver\Src\stm32f1xx_hal_adc.o
 .ARM.attributes
                0x000000b0       0x33 Drivers\STM32F1xx_HAL_Driver\Src\stm32f1xx_hal_cortex.o
 .ARM.attributes
                0x000000e3       0x33 Drivers\STM32F1xx_HAL_Driver\Src\stm32f1xx_hal_dma.o
 .ARM.attributes
                0x00000116       0x33 Drivers\STM32F1xx_HAL_Driver\Src\stm32f1xx_hal_gpio.o
 .ARM.attributes
                0x00000149       0x33 Drivers\STM32F1xx_HAL_Driver\Src\stm32f1xx_hal_rcc.o
 .ARM.attributes
                0x0000017c       0x33 Drivers\STM32F1xx_HAL_Driver\Src\stm32f1xx_hal_rcc_ex.o
 .ARM.attributes
                0x000001af       0x33 Drivers\STM32F1xx_HAL_Driver\Src\stm32f1xx_hal_spi.o
 .ARM.attributes
                0x000001e2       0x33 Drivers\STM32F1xx_HAL_Driver\Src\stm32f1xx_hal_tim.o
 .ARM.attributes
                0x00000215       0x33 Drivers\STM32F1xx_HAL_Driver\Src\stm32f1xx_hal_tim_ex.o
 .ARM.attributes
                0x00000248       0x33 Drivers\STM32F1xx_HAL_Driver\Src\stm32f1xx_hal_uart.o
 .ARM.attributes
                0x0000027b       0x33 Src\LED_ops.o
 .ARM.attributes
                0x000002ae       0x33 Src\main.o
 .ARM.attributes
                0x000002e1       0x33 Src\nrf24l01.o
 .ARM.attributes
                0x00000314       0x33 Src\stm32f1xx_hal_msp.o
 .ARM.attributes
                0x00000347       0x33 Src\stm32f1xx_it.o
 .ARM.attributes
                0x0000037a       0x33 Src\syscalls.o
 .ARM.attributes
                0x000003ad       0x33 Src\system_stm32f1xx.o
 .ARM.attributes
                0x000003e0       0x21 startup\startup_stm32f103xb.o
 .ARM.attributes
                0x00000401       0x2d c:/program files (x86)/atollic/truestudio for stm32 9.3.0/armtools/bin/../lib/gcc/arm-atollic-eabi/6.3.1/../../../../arm-atollic-eabi/lib/armv7-m\libc_nano.a(lib_a-errno.o)
 .ARM.attributes
                0x0000042e       0x2d c:/program files (x86)/atollic/truestudio for stm32 9.3.0/armtools/bin/../lib/gcc/arm-atollic-eabi/6.3.1/../../../../arm-atollic-eabi/lib/armv7-m\libc_nano.a(lib_a-impure.o)
 .ARM.attributes
                0x0000045b       0x2d c:/program files (x86)/atollic/truestudio for stm32 9.3.0/armtools/bin/../lib/gcc/arm-atollic-eabi/6.3.1/../../../../arm-atollic-eabi/lib/armv7-m\libc_nano.a(lib_a-init.o)
 .ARM.attributes
                0x00000488       0x2d c:/program files (x86)/atollic/truestudio for stm32 9.3.0/armtools/bin/../lib/gcc/arm-atollic-eabi/6.3.1/../../../../arm-atollic-eabi/lib/armv7-m\libc_nano.a(lib_a-memset.o)
 .ARM.attributes
                0x000004b5       0x2d c:/program files (x86)/atollic/truestudio for stm32 9.3.0/armtools/bin/../lib/gcc/arm-atollic-eabi/6.3.1/../../../../arm-atollic-eabi/lib/armv7-m\libc_nano.a(lib_a-printf.o)
 .ARM.attributes
                0x000004e2       0x2d c:/program files (x86)/atollic/truestudio for stm32 9.3.0/armtools/bin/../lib/gcc/arm-atollic-eabi/6.3.1/../../../../arm-atollic-eabi/lib/armv7-m\libc_nano.a(lib_a-puts.o)
 .ARM.attributes
                0x0000050f       0x2d c:/program files (x86)/atollic/truestudio for stm32 9.3.0/armtools/bin/../lib/gcc/arm-atollic-eabi/6.3.1/../../../../arm-atollic-eabi/lib/armv7-m\libc_nano.a(lib_a-wbuf.o)
 .ARM.attributes
                0x0000053c       0x2d c:/program files (x86)/atollic/truestudio for stm32 9.3.0/armtools/bin/../lib/gcc/arm-atollic-eabi/6.3.1/../../../../arm-atollic-eabi/lib/armv7-m\libc_nano.a(lib_a-wsetup.o)
 .ARM.attributes
                0x00000569       0x2d c:/program files (x86)/atollic/truestudio for stm32 9.3.0/armtools/bin/../lib/gcc/arm-atollic-eabi/6.3.1/../../../../arm-atollic-eabi/lib/armv7-m\libc_nano.a(lib_a-fflush.o)
 .ARM.attributes
                0x00000596       0x2d c:/program files (x86)/atollic/truestudio for stm32 9.3.0/armtools/bin/../lib/gcc/arm-atollic-eabi/6.3.1/../../../../arm-atollic-eabi/lib/armv7-m\libc_nano.a(lib_a-findfp.o)
 .ARM.attributes
                0x000005c3       0x2d c:/program files (x86)/atollic/truestudio for stm32 9.3.0/armtools/bin/../lib/gcc/arm-atollic-eabi/6.3.1/../../../../arm-atollic-eabi/lib/armv7-m\libc_nano.a(lib_a-fwalk.o)
 .ARM.attributes
                0x000005f0       0x2d c:/program files (x86)/atollic/truestudio for stm32 9.3.0/armtools/bin/../lib/gcc/arm-atollic-eabi/6.3.1/../../../../arm-atollic-eabi/lib/armv7-m\libc_nano.a(lib_a-makebuf.o)
 .ARM.attributes
                0x0000061d       0x2d c:/program files (x86)/atollic/truestudio for stm32 9.3.0/armtools/bin/../lib/gcc/arm-atollic-eabi/6.3.1/../../../../arm-atollic-eabi/lib/armv7-m\libc_nano.a(lib_a-nano-freer.o)
 .ARM.attributes
                0x0000064a       0x2d c:/program files (x86)/atollic/truestudio for stm32 9.3.0/armtools/bin/../lib/gcc/arm-atollic-eabi/6.3.1/../../../../arm-atollic-eabi/lib/armv7-m\libc_nano.a(lib_a-nano-mallocr.o)
 .ARM.attributes
                0x00000677       0x2d c:/program files (x86)/atollic/truestudio for stm32 9.3.0/armtools/bin/../lib/gcc/arm-atollic-eabi/6.3.1/../../../../arm-atollic-eabi/lib/armv7-m\libc_nano.a(lib_a-nano-vfprintf.o)
 .ARM.attributes
                0x000006a4       0x2d c:/program files (x86)/atollic/truestudio for stm32 9.3.0/armtools/bin/../lib/gcc/arm-atollic-eabi/6.3.1/../../../../arm-atollic-eabi/lib/armv7-m\libc_nano.a(lib_a-nano-vfprintf_i.o)
 .ARM.attributes
                0x000006d1       0x2d c:/program files (x86)/atollic/truestudio for stm32 9.3.0/armtools/bin/../lib/gcc/arm-atollic-eabi/6.3.1/../../../../arm-atollic-eabi/lib/armv7-m\libc_nano.a(lib_a-sbrkr.o)
 .ARM.attributes
                0x000006fe       0x2d c:/program files (x86)/atollic/truestudio for stm32 9.3.0/armtools/bin/../lib/gcc/arm-atollic-eabi/6.3.1/../../../../arm-atollic-eabi/lib/armv7-m\libc_nano.a(lib_a-stdio.o)
 .ARM.attributes
                0x0000072b       0x2d c:/program files (x86)/atollic/truestudio for stm32 9.3.0/armtools/bin/../lib/gcc/arm-atollic-eabi/6.3.1/../../../../arm-atollic-eabi/lib/armv7-m\libc_nano.a(lib_a-writer.o)
 .ARM.attributes
                0x00000758       0x2d c:/program files (x86)/atollic/truestudio for stm32 9.3.0/armtools/bin/../lib/gcc/arm-atollic-eabi/6.3.1/../../../../arm-atollic-eabi/lib/armv7-m\libc_nano.a(lib_a-closer.o)
 .ARM.attributes
                0x00000785       0x2d c:/program files (x86)/atollic/truestudio for stm32 9.3.0/armtools/bin/../lib/gcc/arm-atollic-eabi/6.3.1/../../../../arm-atollic-eabi/lib/armv7-m\libc_nano.a(lib_a-fstatr.o)
 .ARM.attributes
                0x000007b2       0x2d c:/program files (x86)/atollic/truestudio for stm32 9.3.0/armtools/bin/../lib/gcc/arm-atollic-eabi/6.3.1/../../../../arm-atollic-eabi/lib/armv7-m\libc_nano.a(lib_a-isattyr.o)
 .ARM.attributes
                0x000007df       0x2d c:/program files (x86)/atollic/truestudio for stm32 9.3.0/armtools/bin/../lib/gcc/arm-atollic-eabi/6.3.1/../../../../arm-atollic-eabi/lib/armv7-m\libc_nano.a(lib_a-lseekr.o)
 .ARM.attributes
                0x0000080c       0x2d c:/program files (x86)/atollic/truestudio for stm32 9.3.0/armtools/bin/../lib/gcc/arm-atollic-eabi/6.3.1/../../../../arm-atollic-eabi/lib/armv7-m\libc_nano.a(lib_a-memchr-stub.o)
 .ARM.attributes
                0x00000839       0x2d c:/program files (x86)/atollic/truestudio for stm32 9.3.0/armtools/bin/../lib/gcc/arm-atollic-eabi/6.3.1/../../../../arm-atollic-eabi/lib/armv7-m\libc_nano.a(lib_a-mlock.o)
 .ARM.attributes
                0x00000866       0x2d c:/program files (x86)/atollic/truestudio for stm32 9.3.0/armtools/bin/../lib/gcc/arm-atollic-eabi/6.3.1/../../../../arm-atollic-eabi/lib/armv7-m\libc_nano.a(lib_a-readr.o)
 .ARM.attributes
                0x00000893       0x2d c:/program files (x86)/atollic/truestudio for stm32 9.3.0/armtools/bin/../lib/gcc/arm-atollic-eabi/6.3.1/../../../../arm-atollic-eabi/lib/armv7-m\libc_nano.a(lib_a-reent.o)
 .ARM.attributes
                0x000008c0       0x1d c:/program files (x86)/atollic/truestudio for stm32 9.3.0/armtools/bin/../lib/gcc/arm-atollic-eabi/6.3.1/armv7-m\libgcc.a(_arm_addsubsf3.o)
 .ARM.attributes
                0x000008dd       0x1d c:/program files (x86)/atollic/truestudio for stm32 9.3.0/armtools/bin/../lib/gcc/arm-atollic-eabi/6.3.1/armv7-m\libgcc.a(_arm_muldivsf3.o)
 .ARM.attributes
                0x000008fa       0x1d c:/program files (x86)/atollic/truestudio for stm32 9.3.0/armtools/bin/../lib/gcc/arm-atollic-eabi/6.3.1/armv7-m\libgcc.a(_arm_fixunssfsi.o)
 .ARM.attributes
                0x00000917       0x1d c:/program files (x86)/atollic/truestudio for stm32 9.3.0/armtools/bin/../lib/gcc/arm-atollic-eabi/6.3.1/armv7-m/crtn.o
OUTPUT(RemoteCon2.elf elf32-littlearm)

.debug_info     0x00000000    0x1467a
 .debug_info    0x00000000      0x7cd Drivers\STM32F1xx_HAL_Driver\Src\stm32f1xx_hal.o
 .debug_info    0x000007cd      0xea0 Drivers\STM32F1xx_HAL_Driver\Src\stm32f1xx_hal_adc.o
 .debug_info    0x0000166d      0xca7 Drivers\STM32F1xx_HAL_Driver\Src\stm32f1xx_hal_cortex.o
 .debug_info    0x00002314      0x837 Drivers\STM32F1xx_HAL_Driver\Src\stm32f1xx_hal_dma.o
 .debug_info    0x00002b4b      0x691 Drivers\STM32F1xx_HAL_Driver\Src\stm32f1xx_hal_gpio.o
 .debug_info    0x000031dc      0xa01 Drivers\STM32F1xx_HAL_Driver\Src\stm32f1xx_hal_rcc.o
 .debug_info    0x00003bdd      0x48b Drivers\STM32F1xx_HAL_Driver\Src\stm32f1xx_hal_rcc_ex.o
 .debug_info    0x00004068     0x1cbc Drivers\STM32F1xx_HAL_Driver\Src\stm32f1xx_hal_spi.o
 .debug_info    0x00005d24     0x34cc Drivers\STM32F1xx_HAL_Driver\Src\stm32f1xx_hal_tim.o
 .debug_info    0x000091f0     0x12fc Drivers\STM32F1xx_HAL_Driver\Src\stm32f1xx_hal_tim_ex.o
 .debug_info    0x0000a4ec     0x1632 Drivers\STM32F1xx_HAL_Driver\Src\stm32f1xx_hal_uart.o
 .debug_info    0x0000bb1e      0x26a Src\LED_ops.o
 .debug_info    0x0000bd88     0x369e Src\main.o
 .debug_info    0x0000f426     0x267f Src\nrf24l01.o
 .debug_info    0x00011aa5     0x12fe Src\stm32f1xx_hal_msp.o
 .debug_info    0x00012da3      0x43c Src\stm32f1xx_it.o
 .debug_info    0x000131df      0xfe1 Src\syscalls.o
 .debug_info    0x000141c0      0x437 Src\system_stm32f1xx.o
 .debug_info    0x000145f7       0x83 startup\startup_stm32f103xb.o

.debug_abbrev   0x00000000     0x2ea9
 .debug_abbrev  0x00000000      0x24a Drivers\STM32F1xx_HAL_Driver\Src\stm32f1xx_hal.o
 .debug_abbrev  0x0000024a      0x299 Drivers\STM32F1xx_HAL_Driver\Src\stm32f1xx_hal_adc.o
 .debug_abbrev  0x000004e3      0x2f8 Drivers\STM32F1xx_HAL_Driver\Src\stm32f1xx_hal_cortex.o
 .debug_abbrev  0x000007db      0x22d Drivers\STM32F1xx_HAL_Driver\Src\stm32f1xx_hal_dma.o
 .debug_abbrev  0x00000a08      0x1e4 Drivers\STM32F1xx_HAL_Driver\Src\stm32f1xx_hal_gpio.o
 .debug_abbrev  0x00000bec      0x2c1 Drivers\STM32F1xx_HAL_Driver\Src\stm32f1xx_hal_rcc.o
 .debug_abbrev  0x00000ead      0x1c4 Drivers\STM32F1xx_HAL_Driver\Src\stm32f1xx_hal_rcc_ex.o
 .debug_abbrev  0x00001071      0x33e Drivers\STM32F1xx_HAL_Driver\Src\stm32f1xx_hal_spi.o
 .debug_abbrev  0x000013af      0x335 Drivers\STM32F1xx_HAL_Driver\Src\stm32f1xx_hal_tim.o
 .debug_abbrev  0x000016e4      0x29c Drivers\STM32F1xx_HAL_Driver\Src\stm32f1xx_hal_tim_ex.o
 .debug_abbrev  0x00001980      0x2f3 Drivers\STM32F1xx_HAL_Driver\Src\stm32f1xx_hal_uart.o
 .debug_abbrev  0x00001c73      0x147 Src\LED_ops.o
 .debug_abbrev  0x00001dba      0x54b Src\main.o
 .debug_abbrev  0x00002305      0x3a6 Src\nrf24l01.o
 .debug_abbrev  0x000026ab      0x24f Src\stm32f1xx_hal_msp.o
 .debug_abbrev  0x000028fa      0x195 Src\stm32f1xx_it.o
 .debug_abbrev  0x00002a8f      0x2d9 Src\syscalls.o
 .debug_abbrev  0x00002d68      0x12f Src\system_stm32f1xx.o
 .debug_abbrev  0x00002e97       0x12 startup\startup_stm32f103xb.o

.debug_loc      0x00000000     0x9742
 .debug_loc     0x00000000      0x10c Drivers\STM32F1xx_HAL_Driver\Src\stm32f1xx_hal.o
 .debug_loc     0x0000010c      0x873 Drivers\STM32F1xx_HAL_Driver\Src\stm32f1xx_hal_adc.o
 .debug_loc     0x0000097f      0x487 Drivers\STM32F1xx_HAL_Driver\Src\stm32f1xx_hal_cortex.o
 .debug_loc     0x00000e06      0x5ed Drivers\STM32F1xx_HAL_Driver\Src\stm32f1xx_hal_dma.o
 .debug_loc     0x000013f3      0x2f5 Drivers\STM32F1xx_HAL_Driver\Src\stm32f1xx_hal_gpio.o
 .debug_loc     0x000016e8      0x478 Drivers\STM32F1xx_HAL_Driver\Src\stm32f1xx_hal_rcc.o
 .debug_loc     0x00001b60      0x29d Drivers\STM32F1xx_HAL_Driver\Src\stm32f1xx_hal_rcc_ex.o
 .debug_loc     0x00001dfd     0x1703 Drivers\STM32F1xx_HAL_Driver\Src\stm32f1xx_hal_spi.o
 .debug_loc     0x00003500     0x2f5a Drivers\STM32F1xx_HAL_Driver\Src\stm32f1xx_hal_tim.o
 .debug_loc     0x0000645a      0xa7c Drivers\STM32F1xx_HAL_Driver\Src\stm32f1xx_hal_tim_ex.o
 .debug_loc     0x00006ed6     0x1362 Drivers\STM32F1xx_HAL_Driver\Src\stm32f1xx_hal_uart.o
 .debug_loc     0x00008238       0x21 Src\LED_ops.o
 .debug_loc     0x00008259      0x463 Src\main.o
 .debug_loc     0x000086bc      0xa8b Src\nrf24l01.o
 .debug_loc     0x00009147      0x13f Src\stm32f1xx_hal_msp.o
 .debug_loc     0x00009286      0x3ef Src\syscalls.o
 .debug_loc     0x00009675       0xcd Src\system_stm32f1xx.o

.debug_aranges  0x00000000      0xe20
 .debug_aranges
                0x00000000       0xd8 Drivers\STM32F1xx_HAL_Driver\Src\stm32f1xx_hal.o
 .debug_aranges
                0x000000d8       0xc8 Drivers\STM32F1xx_HAL_Driver\Src\stm32f1xx_hal_adc.o
 .debug_aranges
                0x000001a0       0x90 Drivers\STM32F1xx_HAL_Driver\Src\stm32f1xx_hal_cortex.o
 .debug_aranges
                0x00000230       0x78 Drivers\STM32F1xx_HAL_Driver\Src\stm32f1xx_hal_dma.o
 .debug_aranges
                0x000002a8       0x58 Drivers\STM32F1xx_HAL_Driver\Src\stm32f1xx_hal_gpio.o
 .debug_aranges
                0x00000300       0x88 Drivers\STM32F1xx_HAL_Driver\Src\stm32f1xx_hal_rcc.o
 .debug_aranges
                0x00000388       0x30 Drivers\STM32F1xx_HAL_Driver\Src\stm32f1xx_hal_rcc_ex.o
 .debug_aranges
                0x000003b8      0x188 Drivers\STM32F1xx_HAL_Driver\Src\stm32f1xx_hal_spi.o
 .debug_aranges
                0x00000540      0x278 Drivers\STM32F1xx_HAL_Driver\Src\stm32f1xx_hal_tim.o
 .debug_aranges
                0x000007b8       0xf8 Drivers\STM32F1xx_HAL_Driver\Src\stm32f1xx_hal_tim_ex.o
 .debug_aranges
                0x000008b0      0x170 Drivers\STM32F1xx_HAL_Driver\Src\stm32f1xx_hal_uart.o
 .debug_aranges
                0x00000a20       0x20 Src\LED_ops.o
 .debug_aranges
                0x00000a40       0xa0 Src\main.o
 .debug_aranges
                0x00000ae0      0x188 Src\nrf24l01.o
 .debug_aranges
                0x00000c68       0x68 Src\stm32f1xx_hal_msp.o
 .debug_aranges
                0x00000cd0       0x50 Src\stm32f1xx_it.o
 .debug_aranges
                0x00000d20       0xb0 Src\syscalls.o
 .debug_aranges
                0x00000dd0       0x28 Src\system_stm32f1xx.o
 .debug_aranges
                0x00000df8       0x28 startup\startup_stm32f103xb.o

.debug_ranges   0x00000000     0x12b0
 .debug_ranges  0x00000000       0xc8 Drivers\STM32F1xx_HAL_Driver\Src\stm32f1xx_hal.o
 .debug_ranges  0x000000c8       0xb8 Drivers\STM32F1xx_HAL_Driver\Src\stm32f1xx_hal_adc.o
 .debug_ranges  0x00000180      0x128 Drivers\STM32F1xx_HAL_Driver\Src\stm32f1xx_hal_cortex.o
 .debug_ranges  0x000002a8       0xa8 Drivers\STM32F1xx_HAL_Driver\Src\stm32f1xx_hal_dma.o
 .debug_ranges  0x00000350       0x60 Drivers\STM32F1xx_HAL_Driver\Src\stm32f1xx_hal_gpio.o
 .debug_ranges  0x000003b0       0xa0 Drivers\STM32F1xx_HAL_Driver\Src\stm32f1xx_hal_rcc.o
 .debug_ranges  0x00000450       0x40 Drivers\STM32F1xx_HAL_Driver\Src\stm32f1xx_hal_rcc_ex.o
 .debug_ranges  0x00000490      0x1a8 Drivers\STM32F1xx_HAL_Driver\Src\stm32f1xx_hal_spi.o
 .debug_ranges  0x00000638      0x348 Drivers\STM32F1xx_HAL_Driver\Src\stm32f1xx_hal_tim.o
 .debug_ranges  0x00000980       0xe8 Drivers\STM32F1xx_HAL_Driver\Src\stm32f1xx_hal_tim_ex.o
 .debug_ranges  0x00000a68      0x190 Drivers\STM32F1xx_HAL_Driver\Src\stm32f1xx_hal_uart.o
 .debug_ranges  0x00000bf8       0x10 Src\LED_ops.o
 .debug_ranges  0x00000c08      0x1f0 Src\main.o
 .debug_ranges  0x00000df8      0x250 Src\nrf24l01.o
 .debug_ranges  0x00001048      0x150 Src\stm32f1xx_hal_msp.o
 .debug_ranges  0x00001198       0x40 Src\stm32f1xx_it.o
 .debug_ranges  0x000011d8       0xa0 Src\syscalls.o
 .debug_ranges  0x00001278       0x18 Src\system_stm32f1xx.o
 .debug_ranges  0x00001290       0x20 startup\startup_stm32f103xb.o

.debug_line     0x00000000     0x70a3
 .debug_line    0x00000000      0x3eb Drivers\STM32F1xx_HAL_Driver\Src\stm32f1xx_hal.o
 .debug_line    0x000003eb      0x7db Drivers\STM32F1xx_HAL_Driver\Src\stm32f1xx_hal_adc.o
 .debug_line    0x00000bc6      0x3e6 Drivers\STM32F1xx_HAL_Driver\Src\stm32f1xx_hal_cortex.o
 .debug_line    0x00000fac      0x5fb Drivers\STM32F1xx_HAL_Driver\Src\stm32f1xx_hal_dma.o
 .debug_line    0x000015a7      0x3ab Drivers\STM32F1xx_HAL_Driver\Src\stm32f1xx_hal_gpio.o
 .debug_line    0x00001952      0x582 Drivers\STM32F1xx_HAL_Driver\Src\stm32f1xx_hal_rcc.o
 .debug_line    0x00001ed4      0x336 Drivers\STM32F1xx_HAL_Driver\Src\stm32f1xx_hal_rcc_ex.o
 .debug_line    0x0000220a      0xbb2 Drivers\STM32F1xx_HAL_Driver\Src\stm32f1xx_hal_spi.o
 .debug_line    0x00002dbc     0x1179 Drivers\STM32F1xx_HAL_Driver\Src\stm32f1xx_hal_tim.o
 .debug_line    0x00003f35      0x6d5 Drivers\STM32F1xx_HAL_Driver\Src\stm32f1xx_hal_tim_ex.o
 .debug_line    0x0000460a      0xbda Drivers\STM32F1xx_HAL_Driver\Src\stm32f1xx_hal_uart.o
 .debug_line    0x000051e4      0x1f1 Src\LED_ops.o
 .debug_line    0x000053d5      0x7ca Src\main.o
 .debug_line    0x00005b9f      0x838 Src\nrf24l01.o
 .debug_line    0x000063d7      0x3fa Src\stm32f1xx_hal_msp.o
 .debug_line    0x000067d1      0x26d Src\stm32f1xx_it.o
 .debug_line    0x00006a3e      0x3c0 Src\syscalls.o
 .debug_line    0x00006dfe      0x228 Src\system_stm32f1xx.o
 .debug_line    0x00007026       0x7d startup\startup_stm32f103xb.o

.debug_str      0x00000000     0x4ff3
 .debug_str     0x00000000      0x806 Drivers\STM32F1xx_HAL_Driver\Src\stm32f1xx_hal.o
                                0x874 (size before relaxing)
 .debug_str     0x00000806      0x67a Drivers\STM32F1xx_HAL_Driver\Src\stm32f1xx_hal_adc.o
                                0x998 (size before relaxing)
 .debug_str     0x00000e80      0x3c5 Drivers\STM32F1xx_HAL_Driver\Src\stm32f1xx_hal_cortex.o
                                0x996 (size before relaxing)
 .debug_str     0x00001245      0x220 Drivers\STM32F1xx_HAL_Driver\Src\stm32f1xx_hal_dma.o
                                0x6e4 (size before relaxing)
 .debug_str     0x00001465      0x1ca Drivers\STM32F1xx_HAL_Driver\Src\stm32f1xx_hal_gpio.o
                                0x4e7 (size before relaxing)
 .debug_str     0x0000162f      0x322 Drivers\STM32F1xx_HAL_Driver\Src\stm32f1xx_hal_rcc.o
                                0x6d0 (size before relaxing)
 .debug_str     0x00001951      0x110 Drivers\STM32F1xx_HAL_Driver\Src\stm32f1xx_hal_rcc_ex.o
                                0x4a8 (size before relaxing)
 .debug_str     0x00001a61      0x6ef Drivers\STM32F1xx_HAL_Driver\Src\stm32f1xx_hal_spi.o
                                0xc0b (size before relaxing)
 .debug_str     0x00002150      0xfe1 Drivers\STM32F1xx_HAL_Driver\Src\stm32f1xx_hal_tim.o
                               0x1518 (size before relaxing)
 .debug_str     0x00003131      0x548 Drivers\STM32F1xx_HAL_Driver\Src\stm32f1xx_hal_tim_ex.o
                                0xd30 (size before relaxing)
 .debug_str     0x00003679      0x67c Drivers\STM32F1xx_HAL_Driver\Src\stm32f1xx_hal_uart.o
                                0xc60 (size before relaxing)
 .debug_str     0x00003cf5       0x33 Src\LED_ops.o
                                0x2e3 (size before relaxing)
 .debug_str     0x00003d28      0xaa5 Src\main.o
                               0x1e2d (size before relaxing)
 .debug_str     0x000047cd      0x49f Src\nrf24l01.o
                               0x11d2 (size before relaxing)
 .debug_str     0x00004c6c       0x25 Src\stm32f1xx_hal_msp.o
                                0xcb1 (size before relaxing)
 .debug_str     0x00004c91       0xbf Src\stm32f1xx_it.o
                                0x525 (size before relaxing)
 .debug_str     0x00004d50      0x256 Src\syscalls.o
                                0x862 (size before relaxing)
 .debug_str     0x00004fa6       0x4d Src\system_stm32f1xx.o
                                0x356 (size before relaxing)

.comment        0x00000000       0x7c
 .comment       0x00000000       0x7c Drivers\STM32F1xx_HAL_Driver\Src\stm32f1xx_hal.o
                                 0x7d (size before relaxing)
 .comment       0x0000007c       0x7d Drivers\STM32F1xx_HAL_Driver\Src\stm32f1xx_hal_adc.o
 .comment       0x0000007c       0x7d Drivers\STM32F1xx_HAL_Driver\Src\stm32f1xx_hal_cortex.o
 .comment       0x0000007c       0x7d Drivers\STM32F1xx_HAL_Driver\Src\stm32f1xx_hal_dma.o
 .comment       0x0000007c       0x7d Drivers\STM32F1xx_HAL_Driver\Src\stm32f1xx_hal_gpio.o
 .comment       0x0000007c       0x7d Drivers\STM32F1xx_HAL_Driver\Src\stm32f1xx_hal_rcc.o
 .comment       0x0000007c       0x7d Drivers\STM32F1xx_HAL_Driver\Src\stm32f1xx_hal_rcc_ex.o
 .comment       0x0000007c       0x7d Drivers\STM32F1xx_HAL_Driver\Src\stm32f1xx_hal_spi.o
 .comment       0x0000007c       0x7d Drivers\STM32F1xx_HAL_Driver\Src\stm32f1xx_hal_tim.o
 .comment       0x0000007c       0x7d Drivers\STM32F1xx_HAL_Driver\Src\stm32f1xx_hal_tim_ex.o
 .comment       0x0000007c       0x7d Drivers\STM32F1xx_HAL_Driver\Src\stm32f1xx_hal_uart.o
 .comment       0x0000007c       0x7d Src\LED_ops.o
 .comment       0x0000007c       0x7d Src\main.o
 .comment       0x0000007c       0x7d Src\nrf24l01.o
 .comment       0x0000007c       0x7d Src\stm32f1xx_hal_msp.o
 .comment       0x0000007c       0x7d Src\stm32f1xx_it.o
 .comment       0x0000007c       0x7d Src\syscalls.o
 .comment       0x0000007c       0x7d Src\system_stm32f1xx.o

.debug_frame    0x00000000     0x32e8
 .debug_frame   0x00000000      0x1d4 Drivers\STM32F1xx_HAL_Driver\Src\stm32f1xx_hal.o
 .debug_frame   0x000001d4      0x298 Drivers\STM32F1xx_HAL_Driver\Src\stm32f1xx_hal_adc.o
 .debug_frame   0x0000046c      0x120 Drivers\STM32F1xx_HAL_Driver\Src\stm32f1xx_hal_cortex.o
 .debug_frame   0x0000058c      0x144 Drivers\STM32F1xx_HAL_Driver\Src\stm32f1xx_hal_dma.o
 .debug_frame   0x000006d0       0xd4 Drivers\STM32F1xx_HAL_Driver\Src\stm32f1xx_hal_gpio.o
 .debug_frame   0x000007a4      0x150 Drivers\STM32F1xx_HAL_Driver\Src\stm32f1xx_hal_rcc.o
 .debug_frame   0x000008f4       0x6c Drivers\STM32F1xx_HAL_Driver\Src\stm32f1xx_hal_rcc_ex.o
 .debug_frame   0x00000960      0x568 Drivers\STM32F1xx_HAL_Driver\Src\stm32f1xx_hal_spi.o
 .debug_frame   0x00000ec8      0x928 Drivers\STM32F1xx_HAL_Driver\Src\stm32f1xx_hal_tim.o
 .debug_frame   0x000017f0      0x360 Drivers\STM32F1xx_HAL_Driver\Src\stm32f1xx_hal_tim_ex.o
 .debug_frame   0x00001b50      0x498 Drivers\STM32F1xx_HAL_Driver\Src\stm32f1xx_hal_uart.o
 .debug_frame   0x00001fe8       0x2c Src\LED_ops.o
 .debug_frame   0x00002014      0x20c Src\main.o
 .debug_frame   0x00002220      0x4f0 Src\nrf24l01.o
 .debug_frame   0x00002710      0x110 Src\stm32f1xx_hal_msp.o
 .debug_frame   0x00002820       0xb0 Src\stm32f1xx_it.o
 .debug_frame   0x000028d0      0x1a8 Src\syscalls.o
 .debug_frame   0x00002a78       0x30 Src\system_stm32f1xx.o
 .debug_frame   0x00002aa8       0x20 c:/program files (x86)/atollic/truestudio for stm32 9.3.0/armtools/bin/../lib/gcc/arm-atollic-eabi/6.3.1/../../../../arm-atollic-eabi/lib/armv7-m\libc_nano.a(lib_a-errno.o)
 .debug_frame   0x00002ac8       0x2c c:/program files (x86)/atollic/truestudio for stm32 9.3.0/armtools/bin/../lib/gcc/arm-atollic-eabi/6.3.1/../../../../arm-atollic-eabi/lib/armv7-m\libc_nano.a(lib_a-init.o)
 .debug_frame   0x00002af4       0x20 c:/program files (x86)/atollic/truestudio for stm32 9.3.0/armtools/bin/../lib/gcc/arm-atollic-eabi/6.3.1/../../../../arm-atollic-eabi/lib/armv7-m\libc_nano.a(lib_a-memset.o)
 .debug_frame   0x00002b14       0x74 c:/program files (x86)/atollic/truestudio for stm32 9.3.0/armtools/bin/../lib/gcc/arm-atollic-eabi/6.3.1/../../../../arm-atollic-eabi/lib/armv7-m\libc_nano.a(lib_a-printf.o)
 .debug_frame   0x00002b88       0x3c c:/program files (x86)/atollic/truestudio for stm32 9.3.0/armtools/bin/../lib/gcc/arm-atollic-eabi/6.3.1/../../../../arm-atollic-eabi/lib/armv7-m\libc_nano.a(lib_a-puts.o)
 .debug_frame   0x00002bc4       0x40 c:/program files (x86)/atollic/truestudio for stm32 9.3.0/armtools/bin/../lib/gcc/arm-atollic-eabi/6.3.1/../../../../arm-atollic-eabi/lib/armv7-m\libc_nano.a(lib_a-wbuf.o)
 .debug_frame   0x00002c04       0x2c c:/program files (x86)/atollic/truestudio for stm32 9.3.0/armtools/bin/../lib/gcc/arm-atollic-eabi/6.3.1/../../../../arm-atollic-eabi/lib/armv7-m\libc_nano.a(lib_a-wsetup.o)
 .debug_frame   0x00002c30       0x68 c:/program files (x86)/atollic/truestudio for stm32 9.3.0/armtools/bin/../lib/gcc/arm-atollic-eabi/6.3.1/../../../../arm-atollic-eabi/lib/armv7-m\libc_nano.a(lib_a-fflush.o)
 .debug_frame   0x00002c98      0x11c c:/program files (x86)/atollic/truestudio for stm32 9.3.0/armtools/bin/../lib/gcc/arm-atollic-eabi/6.3.1/../../../../arm-atollic-eabi/lib/armv7-m\libc_nano.a(lib_a-findfp.o)
 .debug_frame   0x00002db4       0x54 c:/program files (x86)/atollic/truestudio for stm32 9.3.0/armtools/bin/../lib/gcc/arm-atollic-eabi/6.3.1/../../../../arm-atollic-eabi/lib/armv7-m\libc_nano.a(lib_a-fwalk.o)
 .debug_frame   0x00002e08       0x58 c:/program files (x86)/atollic/truestudio for stm32 9.3.0/armtools/bin/../lib/gcc/arm-atollic-eabi/6.3.1/../../../../arm-atollic-eabi/lib/armv7-m\libc_nano.a(lib_a-makebuf.o)
 .debug_frame   0x00002e60       0x38 c:/program files (x86)/atollic/truestudio for stm32 9.3.0/armtools/bin/../lib/gcc/arm-atollic-eabi/6.3.1/../../../../arm-atollic-eabi/lib/armv7-m\libc_nano.a(lib_a-nano-freer.o)
 .debug_frame   0x00002e98       0x2c c:/program files (x86)/atollic/truestudio for stm32 9.3.0/armtools/bin/../lib/gcc/arm-atollic-eabi/6.3.1/../../../../arm-atollic-eabi/lib/armv7-m\libc_nano.a(lib_a-nano-mallocr.o)
 .debug_frame   0x00002ec4       0xac c:/program files (x86)/atollic/truestudio for stm32 9.3.0/armtools/bin/../lib/gcc/arm-atollic-eabi/6.3.1/../../../../arm-atollic-eabi/lib/armv7-m\libc_nano.a(lib_a-nano-vfprintf.o)
 .debug_frame   0x00002f70       0x60 c:/program files (x86)/atollic/truestudio for stm32 9.3.0/armtools/bin/../lib/gcc/arm-atollic-eabi/6.3.1/../../../../arm-atollic-eabi/lib/armv7-m\libc_nano.a(lib_a-nano-vfprintf_i.o)
 .debug_frame   0x00002fd0       0x2c c:/program files (x86)/atollic/truestudio for stm32 9.3.0/armtools/bin/../lib/gcc/arm-atollic-eabi/6.3.1/../../../../arm-atollic-eabi/lib/armv7-m\libc_nano.a(lib_a-sbrkr.o)
 .debug_frame   0x00002ffc       0x88 c:/program files (x86)/atollic/truestudio for stm32 9.3.0/armtools/bin/../lib/gcc/arm-atollic-eabi/6.3.1/../../../../arm-atollic-eabi/lib/armv7-m\libc_nano.a(lib_a-stdio.o)
 .debug_frame   0x00003084       0x2c c:/program files (x86)/atollic/truestudio for stm32 9.3.0/armtools/bin/../lib/gcc/arm-atollic-eabi/6.3.1/../../../../arm-atollic-eabi/lib/armv7-m\libc_nano.a(lib_a-writer.o)
 .debug_frame   0x000030b0       0x2c c:/program files (x86)/atollic/truestudio for stm32 9.3.0/armtools/bin/../lib/gcc/arm-atollic-eabi/6.3.1/../../../../arm-atollic-eabi/lib/armv7-m\libc_nano.a(lib_a-closer.o)
 .debug_frame   0x000030dc       0x2c c:/program files (x86)/atollic/truestudio for stm32 9.3.0/armtools/bin/../lib/gcc/arm-atollic-eabi/6.3.1/../../../../arm-atollic-eabi/lib/armv7-m\libc_nano.a(lib_a-fstatr.o)
 .debug_frame   0x00003108       0x2c c:/program files (x86)/atollic/truestudio for stm32 9.3.0/armtools/bin/../lib/gcc/arm-atollic-eabi/6.3.1/../../../../arm-atollic-eabi/lib/armv7-m\libc_nano.a(lib_a-isattyr.o)
 .debug_frame   0x00003134       0x2c c:/program files (x86)/atollic/truestudio for stm32 9.3.0/armtools/bin/../lib/gcc/arm-atollic-eabi/6.3.1/../../../../arm-atollic-eabi/lib/armv7-m\libc_nano.a(lib_a-lseekr.o)
 .debug_frame   0x00003160       0x28 c:/program files (x86)/atollic/truestudio for stm32 9.3.0/armtools/bin/../lib/gcc/arm-atollic-eabi/6.3.1/../../../../arm-atollic-eabi/lib/armv7-m\libc_nano.a(lib_a-memchr-stub.o)
 .debug_frame   0x00003188       0x30 c:/program files (x86)/atollic/truestudio for stm32 9.3.0/armtools/bin/../lib/gcc/arm-atollic-eabi/6.3.1/../../../../arm-atollic-eabi/lib/armv7-m\libc_nano.a(lib_a-mlock.o)
 .debug_frame   0x000031b8       0x2c c:/program files (x86)/atollic/truestudio for stm32 9.3.0/armtools/bin/../lib/gcc/arm-atollic-eabi/6.3.1/../../../../arm-atollic-eabi/lib/armv7-m\libc_nano.a(lib_a-readr.o)
 .debug_frame   0x000031e4       0x5c c:/program files (x86)/atollic/truestudio for stm32 9.3.0/armtools/bin/../lib/gcc/arm-atollic-eabi/6.3.1/../../../../arm-atollic-eabi/lib/armv7-m\libc_nano.a(lib_a-reent.o)
 .debug_frame   0x00003240       0x4c c:/program files (x86)/atollic/truestudio for stm32 9.3.0/armtools/bin/../lib/gcc/arm-atollic-eabi/6.3.1/armv7-m\libgcc.a(_arm_addsubsf3.o)
 .debug_frame   0x0000328c       0x38 c:/program files (x86)/atollic/truestudio for stm32 9.3.0/armtools/bin/../lib/gcc/arm-atollic-eabi/6.3.1/armv7-m\libgcc.a(_arm_muldivsf3.o)
 .debug_frame   0x000032c4       0x24 c:/program files (x86)/atollic/truestudio for stm32 9.3.0/armtools/bin/../lib/gcc/arm-atollic-eabi/6.3.1/armv7-m\libgcc.a(_arm_fixunssfsi.o)
