nrf24l01.c:240:6:NRF24L01_CE_LOW	0	static
nrf24l01.c:245:6:NRF24L01_CE_HIGH	0	static
nrf24l01.c:250:6:NRF24L01_CSN_LOW	0	static
nrf24l01.c:255:6:NRF24L01_CSN_HIGH	0	static
nrf24l01.c:268:6:NRF24L01_FlushRx	16	static
nrf24l01.c:277:6:NRF24L01_FlushTx	16	static
nrf24l01.c:385:6:NRF24L01_SpiInit	40	static
nrf24l01.c:547:9:NRF24L01_ReadRegister	24	static
nrf24l01.c:516:9:NRF24L01_ReadBit	8	static
nrf24l01.c:569:6:NRF24L01_WriteRegister	16	static
nrf24l01.c:261:6:NRF24L01_ClearInterrupts	0	static
nrf24l01.c:532:6:NRF24L01_WriteBit	16	static
nrf24l01.c:583:6:NRF24L01_ReadRegisterMulti	32	dynamic
nrf24l01.c:605:6:NRF24L01_WriteRegisterMulti	16	dynamic
nrf24l01.c:437:6:NRF24L01_SoftwareReset	16	static
nrf24l01.c:622:6:NRF24L01_SetRxAddress	8	static
nrf24l01.c:630:6:NRF24L01_SetTxAddress	8	static
nrf24l01.c:635:6:NRF24L01_PowerDown	8	static
nrf24l01.c:640:6:NRF24L01_PowerUP	0	static
nrf24l01.c:644:6:NRF24L01_PowerUpRx	8	static
nrf24l01.c:658:6:NRF24L01_PowerUpTx	8	static
nrf24l01.c:736:6:NRF24L01_GetData	32	static
nrf24l01.c:765:9:NRF24L01_RxFifoEmpty	8	static
nrf24l01.c:774:9:NRF24L01_GetStatus	24	static
nrf24l01.c:756:9:NRF24L01_DataReady	8	static
nrf24l01.c:789:28:NRF24L01_GetTransmissionStatus	8	static
nrf24l01.c:667:28:NRF24L01_Transmit	24	dynamic
nrf24l01.c:803:9:NRF24L01_GetRetransmissionsCount	8	static
nrf24l01.c:808:6:NRF24L01_SetChannel	0	static
nrf24l01.c:817:6:NRF24L01_SetCrcLength	8	static
nrf24l01.c:836:6:NRF24L01_SetPaLevel	0	static
nrf24l01.c:840:24:NRF24L01_GetPaLevel	0	static
nrf24l01.c:847:6:setDataRate	0	static
nrf24l01.c:851:21:NRF24L01_GetDataRate	0	static
nrf24l01.c:856:6:NRF24L01_SetRF	0	static
nrf24l01.c:286:9:NRF24L01_Init	72	static
nrf24l01.c:880:6:NRF24L01_SetAutoAck	16	static
nrf24l01.c:908:9:NRF24L01_Available	16	static
nrf24l01.c:927:9:NRF24L01_TestCarrier	8	static
nrf24l01.c:931:6:NRF24L01_OpenWritingPipe	8	static
nrf24l01.c:937:6:NRF24L01_StartListening	8	static
nrf24l01.c:959:6:NRF24L01_StopListening	8	static
nrf24l01.c:967:6:NRF24L01_OpenReadingPipe	8	static
nrf24l01.c:996:9:NRF24L01_Read	32	dynamic
nrf24l01.c:1023:9:NRF24L01_GetPayloadSize	0	static
nrf24l01.c:1027:9:NRF24L01_GetDynamicPayloadSize	0	static
nrf24l01.c:1032:6:NRF24L01_SetRetries	0	static
