main.c:202:5:_write	8	static
main.c:213:6:HAL_ADC_ConvCpltCallback	0	static
main.c:217:6:HAL_ADC_ErrorCallback	8	static
main.c:223:6:LED_onboard_task	8	static
main.c:258:6:nRF24_task	16	static
main.c:376:6:Joystick_mngmnt_task	24	static
main.c:546:6:SystemClock_Config	88	static
main.c:875:6:printReg8	24	static
main.c:885:6:LED_RGB_SetValue	40	static
main.c:237:6:RGB_light_task	16	static
main.c:904:6:LedArrayReset	8	static
main.c:914:6:LedArrayWrite	24	static
main.c:287:6:Display_task	24	static
main.c:948:6:LedArray_Init	8	static
main.c:962:6:nRF24_Init	72	static
main.c:455:5:main	96	static
main.c:1006:6:Error_Handler	0	static
