nrf24l01.c:240:6:NRF24L01_CE_LOW	0	static
nrf24l01.c:245:6:NRF24L01_CE_HIGH	0	static
nrf24l01.c:250:6:NRF24L01_CSN_LOW	0	static
nrf24l01.c:255:6:NRF24L01_CSN_HIGH	0	static
nrf24l01.c:268:6:NRF24L01_FlushRx	16	static
nrf24l01.c:277:6:NRF24L01_FlushTx	16	static
nrf24l01.c:374:6:NRF24L01_SpiInit	40	static
nrf24l01.c:536:9:NRF24L01_ReadRegister	24	static
nrf24l01.c:505:9:NRF24L01_ReadBit	8	static
nrf24l01.c:558:6:NRF24L01_WriteRegister	16	static
nrf24l01.c:261:6:NRF24L01_ClearInterrupts	0	static
nrf24l01.c:521:6:NRF24L01_WriteBit	16	static
nrf24l01.c:572:6:NRF24L01_ReadRegisterMulti	32	dynamic
nrf24l01.c:594:6:NRF24L01_WriteRegisterMulti	16	dynamic
nrf24l01.c:426:6:NRF24L01_SoftwareReset	16	static
nrf24l01.c:611:6:NRF24L01_SetRxAddress	8	static
nrf24l01.c:619:6:NRF24L01_SetTxAddress	8	static
nrf24l01.c:624:6:NRF24L01_PowerDown	8	static
nrf24l01.c:629:6:NRF24L01_PowerUP	0	static
nrf24l01.c:633:6:NRF24L01_PowerUpRx	8	static
nrf24l01.c:647:6:NRF24L01_PowerUpTx	8	static
nrf24l01.c:725:6:NRF24L01_GetData	32	static
nrf24l01.c:754:9:NRF24L01_RxFifoEmpty	8	static
nrf24l01.c:763:9:NRF24L01_GetStatus	24	static
nrf24l01.c:745:9:NRF24L01_DataReady	8	static
nrf24l01.c:778:28:NRF24L01_GetTransmissionStatus	8	static
nrf24l01.c:656:28:NRF24L01_Transmit	24	dynamic
nrf24l01.c:792:9:NRF24L01_GetRetransmissionsCount	8	static
nrf24l01.c:797:6:NRF24L01_SetChannel	0	static
nrf24l01.c:806:6:NRF24L01_SetCrcLength	8	static
nrf24l01.c:825:6:NRF24L01_SetPaLevel	0	static
nrf24l01.c:829:24:NRF24L01_GetPaLevel	0	static
nrf24l01.c:836:6:setDataRate	0	static
nrf24l01.c:840:21:NRF24L01_GetDataRate	0	static
nrf24l01.c:845:6:NRF24L01_SetRF	0	static
nrf24l01.c:286:9:NRF24L01_Init	72	static
nrf24l01.c:869:6:NRF24L01_SetAutoAck	16	static
nrf24l01.c:898:9:NRF24L01_Available	16	static
nrf24l01.c:919:9:NRF24L01_TestCarrier	8	static
nrf24l01.c:923:6:NRF24L01_OpenWritingPipe	8	static
nrf24l01.c:929:6:NRF24L01_StartListening	8	static
nrf24l01.c:952:6:NRF24L01_StopListening	8	static
nrf24l01.c:960:6:NRF24L01_OpenReadingPipe	4	static
nrf24l01.c:987:9:NRF24L01_Read	32	dynamic
nrf24l01.c:1016:9:NRF24L01_GetPayloadSize	0	static
nrf24l01.c:1020:9:NRF24L01_GetDynamicPayloadSize	0	static
nrf24l01.c:1025:6:NRF24L01_SetRetries	0	static
